Archive member included to satisfy reference by file (symbol)

c:/progra~2/armgnu~1/12977f~1.2mp/bin/../lib/gcc/arm-none-eabi/12.2.1/thumb/v7e-m+fp/hard\libc.a(libc_a-exit.o)
                              c:/progra~2/armgnu~1/12977f~1.2mp/bin/../lib/gcc/arm-none-eabi/12.2.1/thumb/v7e-m+fp/hard/crt0.o (exit)
c:/progra~2/armgnu~1/12977f~1.2mp/bin/../lib/gcc/arm-none-eabi/12.2.1/thumb/v7e-m+fp/hard\libc.a(libc_a-findfp.o)
                              c:/progra~2/armgnu~1/12977f~1.2mp/bin/../lib/gcc/arm-none-eabi/12.2.1/thumb/v7e-m+fp/hard\libc.a(libc_a-exit.o) (__stdio_exit_handler)
c:/progra~2/armgnu~1/12977f~1.2mp/bin/../lib/gcc/arm-none-eabi/12.2.1/thumb/v7e-m+fp/hard\libc.a(libc_a-fwalk.o)
                              c:/progra~2/armgnu~1/12977f~1.2mp/bin/../lib/gcc/arm-none-eabi/12.2.1/thumb/v7e-m+fp/hard\libc.a(libc_a-findfp.o) (_fwalk_sglue)
c:/progra~2/armgnu~1/12977f~1.2mp/bin/../lib/gcc/arm-none-eabi/12.2.1/thumb/v7e-m+fp/hard\libc.a(libc_a-stdio.o)
                              c:/progra~2/armgnu~1/12977f~1.2mp/bin/../lib/gcc/arm-none-eabi/12.2.1/thumb/v7e-m+fp/hard\libc.a(libc_a-findfp.o) (__sread)
c:/progra~2/armgnu~1/12977f~1.2mp/bin/../lib/gcc/arm-none-eabi/12.2.1/thumb/v7e-m+fp/hard\libc.a(libc_a-memset.o)
                              c:/progra~2/armgnu~1/12977f~1.2mp/bin/../lib/gcc/arm-none-eabi/12.2.1/thumb/v7e-m+fp/hard/crt0.o (memset)
c:/progra~2/armgnu~1/12977f~1.2mp/bin/../lib/gcc/arm-none-eabi/12.2.1/thumb/v7e-m+fp/hard\libc.a(libc_a-closer.o)
                              c:/progra~2/armgnu~1/12977f~1.2mp/bin/../lib/gcc/arm-none-eabi/12.2.1/thumb/v7e-m+fp/hard\libc.a(libc_a-stdio.o) (_close_r)
c:/progra~2/armgnu~1/12977f~1.2mp/bin/../lib/gcc/arm-none-eabi/12.2.1/thumb/v7e-m+fp/hard\libc.a(libc_a-reent.o)
                              c:/progra~2/armgnu~1/12977f~1.2mp/bin/../lib/gcc/arm-none-eabi/12.2.1/thumb/v7e-m+fp/hard\libc.a(libc_a-closer.o) (errno)
c:/progra~2/armgnu~1/12977f~1.2mp/bin/../lib/gcc/arm-none-eabi/12.2.1/thumb/v7e-m+fp/hard\libc.a(libc_a-impure.o)
                              c:/progra~2/armgnu~1/12977f~1.2mp/bin/../lib/gcc/arm-none-eabi/12.2.1/thumb/v7e-m+fp/hard\libc.a(libc_a-reent.o) (_impure_ptr)
c:/progra~2/armgnu~1/12977f~1.2mp/bin/../lib/gcc/arm-none-eabi/12.2.1/thumb/v7e-m+fp/hard\libc.a(libc_a-lseekr.o)
                              c:/progra~2/armgnu~1/12977f~1.2mp/bin/../lib/gcc/arm-none-eabi/12.2.1/thumb/v7e-m+fp/hard\libc.a(libc_a-stdio.o) (_lseek_r)
c:/progra~2/armgnu~1/12977f~1.2mp/bin/../lib/gcc/arm-none-eabi/12.2.1/thumb/v7e-m+fp/hard\libc.a(libc_a-readr.o)
                              c:/progra~2/armgnu~1/12977f~1.2mp/bin/../lib/gcc/arm-none-eabi/12.2.1/thumb/v7e-m+fp/hard\libc.a(libc_a-stdio.o) (_read_r)
c:/progra~2/armgnu~1/12977f~1.2mp/bin/../lib/gcc/arm-none-eabi/12.2.1/thumb/v7e-m+fp/hard\libc.a(libc_a-writer.o)
                              c:/progra~2/armgnu~1/12977f~1.2mp/bin/../lib/gcc/arm-none-eabi/12.2.1/thumb/v7e-m+fp/hard\libc.a(libc_a-stdio.o) (_write_r)
c:/progra~2/armgnu~1/12977f~1.2mp/bin/../lib/gcc/arm-none-eabi/12.2.1/thumb/v7e-m+fp/hard\libc.a(libc_a-init.o)
                              c:/progra~2/armgnu~1/12977f~1.2mp/bin/../lib/gcc/arm-none-eabi/12.2.1/thumb/v7e-m+fp/hard/crt0.o (__libc_init_array)
c:/progra~2/armgnu~1/12977f~1.2mp/bin/../lib/gcc/arm-none-eabi/12.2.1/thumb/v7e-m+fp/hard\libc.a(libc_a-lock.o)
                              c:/progra~2/armgnu~1/12977f~1.2mp/bin/../lib/gcc/arm-none-eabi/12.2.1/thumb/v7e-m+fp/hard\libc.a(libc_a-findfp.o) (__retarget_lock_init_recursive)
c:/progra~2/armgnu~1/12977f~1.2mp/bin/../lib/gcc/arm-none-eabi/12.2.1/thumb/v7e-m+fp/hard\libc.a(libc_a-__call_atexit.o)
                              c:/progra~2/armgnu~1/12977f~1.2mp/bin/../lib/gcc/arm-none-eabi/12.2.1/thumb/v7e-m+fp/hard\libc.a(libc_a-exit.o) (__call_exitprocs)
c:/progra~2/armgnu~1/12977f~1.2mp/bin/../lib/gcc/arm-none-eabi/12.2.1/thumb/v7e-m+fp/hard\libc.a(libc_a-atexit.o)
                              c:/progra~2/armgnu~1/12977f~1.2mp/bin/../lib/gcc/arm-none-eabi/12.2.1/thumb/v7e-m+fp/hard\libc.a(libc_a-__call_atexit.o) (atexit)
c:/progra~2/armgnu~1/12977f~1.2mp/bin/../lib/gcc/arm-none-eabi/12.2.1/thumb/v7e-m+fp/hard\libc.a(libc_a-freer.o)
                              c:/progra~2/armgnu~1/12977f~1.2mp/bin/../lib/gcc/arm-none-eabi/12.2.1/thumb/v7e-m+fp/hard\libc.a(libc_a-reent.o) (_free_r)
c:/progra~2/armgnu~1/12977f~1.2mp/bin/../lib/gcc/arm-none-eabi/12.2.1/thumb/v7e-m+fp/hard\libc.a(libc_a-mallocr.o)
                              c:/progra~2/armgnu~1/12977f~1.2mp/bin/../lib/gcc/arm-none-eabi/12.2.1/thumb/v7e-m+fp/hard\libc.a(libc_a-findfp.o) (_malloc_r)
c:/progra~2/armgnu~1/12977f~1.2mp/bin/../lib/gcc/arm-none-eabi/12.2.1/thumb/v7e-m+fp/hard\libc.a(libc_a-mlock.o)
                              c:/progra~2/armgnu~1/12977f~1.2mp/bin/../lib/gcc/arm-none-eabi/12.2.1/thumb/v7e-m+fp/hard\libc.a(libc_a-freer.o) (__malloc_lock)
[...]
Memory Configuration

Name             Origin             Length             Attributes
RAM              0x20000000         0x00020000         xrw
FLASH            0x08000000         0x00080000         xr
*default*        0x00000000         0xffffffff

Linker script and memory map

LOAD c:/progra~2/armgnu~1/12977f~1.2mp/bin/../lib/gcc/arm-none-eabi/12.2.1/thumb/v7e-m+fp/hard/crti.o
LOAD c:/progra~2/armgnu~1/12977f~1.2mp/bin/../lib/gcc/arm-none-eabi/12.2.1/thumb/v7e-m+fp/hard/crtbegin.o
LOAD c:/progra~2/armgnu~1/12977f~1.2mp/bin/../lib/gcc/arm-none-eabi/12.2.1/thumb/v7e-m+fp/hard/crt0.o
LOAD c:/progra~2/armgnu~1/12977f~1.2mp/bin/../lib/gcc/arm-none-eabi/12.2.1/thumb/v7e-m+fp/hard\libc.a
LOAD c:/progra~2/armgnu~1/12977f~1.2mp/bin/../lib/gcc/arm-none-eabi/12.2.1/thumb/v7e-m+fp/hard\libm.a
LOAD c:/progra~2/armgnu~1/12977f~1.2mp/bin/../lib/gcc/arm-none-eabi/12.2.1/thumb/v7e-m+fp/hard\libnosys.a
LOAD CMakeFiles/nucleo-F446RE.out.dir/library/Middlewares/Third_Party/FreeRTOS/Source/croutine.c.obj
LOAD CMakeFiles/nucleo-F446RE.out.dir/library/Middlewares/Third_Party/FreeRTOS/Source/event_groups.c.obj
LOAD CMakeFiles/nucleo-F446RE.out.dir/library/Middlewares/Third_Party/FreeRTOS/Source/list.c.obj
LOAD CMakeFiles/nucleo-F446RE.out.dir/library/Middlewares/Third_Party/FreeRTOS/Source/queue.c.obj
LOAD CMakeFiles/nucleo-F446RE.out.dir/library/Middlewares/Third_Party/FreeRTOS/Source/stream_buffer.c.obj
LOAD CMakeFiles/nucleo-F446RE.out.dir/library/Middlewares/Third_Party/FreeRTOS/Source/tasks.c.obj
LOAD CMakeFiles/nucleo-F446RE.out.dir/library/Middlewares/Third_Party/FreeRTOS/Source/timers.c.obj
LOAD CMakeFiles/nucleo-F446RE.out.dir/library/Middlewares/Third_Party/FreeRTOS/Source/portable/GCC/ARM_CM4F/port.c.obj
LOAD CMakeFiles/nucleo-F446RE.out.dir/library/Middlewares/Third_Party/FreeRTOS/Source/portable/MemMang/heap_4.c.obj
LOAD CMakeFiles/nucleo-F446RE.out.dir/library/Middlewares/Third_Party/FreeRTOS/Source/CMSIS_RTOS_V2/cmsis_os2.c.obj
LOAD CMakeFiles/nucleo-F446RE.out.dir/library/Drivers/STM32F4xx_HAL_Driver/Src/stm32f4xx_hal_adc.c.obj
LOAD CMakeFiles/nucleo-F446RE.out.dir/library/Drivers/STM32F4xx_HAL_Driver/Src/stm32f4xx_hal_spi.c.obj
LOAD CMakeFiles/nucleo-F446RE.out.dir/library/Drivers/STM32F4xx_HAL_Driver/Src/stm32f4xx_hal_tim.c.obj
LOAD CMakeFiles/nucleo-F446RE.out.dir/library/Drivers/STM32F4xx_HAL_Driver/Src/stm32f4xx_hal_tim_ex.c.obj
LOAD CMakeFiles/nucleo-F446RE.out.dir/library/Drivers/STM32F4xx_HAL_Driver/Src/stm32f4xx_hal_uart.c.obj
LOAD CMakeFiles/nucleo-F446RE.out.dir/library/Drivers/STM32F4xx_HAL_Driver/Src/stm32f4xx_hal_i2c.c.obj
LOAD CMakeFiles/nucleo-F446RE.out.dir/library/Drivers/STM32F4xx_HAL_Driver/Src/stm32f4xx_hal_rcc.c.obj
LOAD CMakeFiles/nucleo-F446RE.out.dir/library/Drivers/STM32F4xx_HAL_Driver/Src/stm32f4xx_hal_rcc_ex.c.obj
LOAD CMakeFiles/nucleo-F446RE.out.dir/library/Drivers/STM32F4xx_HAL_Driver/Src/stm32f4xx_hal_flash.c.obj
LOAD CMakeFiles/nucleo-F446RE.out.dir/library/Drivers/STM32F4xx_HAL_Driver/Src/stm32f4xx_hal_flash_ex.c.obj
LOAD CMakeFiles/nucleo-F446RE.out.dir/library/Drivers/STM32F4xx_HAL_Driver/Src/stm32f4xx_hal_flash_ramfunc.c.obj
LOAD CMakeFiles/nucleo-F446RE.out.dir/library/Drivers/STM32F4xx_HAL_Driver/Src/stm32f4xx_hal_gpio.c.obj
LOAD CMakeFiles/nucleo-F446RE.out.dir/library/Drivers/STM32F4xx_HAL_Driver/Src/stm32f4xx_hal_dma_ex.c.obj
LOAD CMakeFiles/nucleo-F446RE.out.dir/library/Drivers/STM32F4xx_HAL_Driver/Src/stm32f4xx_hal_dma.c.obj
LOAD CMakeFiles/nucleo-F446RE.out.dir/library/Drivers/STM32F4xx_HAL_Driver/Src/stm32f4xx_hal_pwr.c.obj
LOAD CMakeFiles/nucleo-F446RE.out.dir/library/Drivers/STM32F4xx_HAL_Driver/Src/stm32f4xx_hal_pwr_ex.c.obj
LOAD CMakeFiles/nucleo-F446RE.out.dir/library/Drivers/STM32F4xx_HAL_Driver/Src/stm32f4xx_hal_cortex.c.obj
LOAD CMakeFiles/nucleo-F446RE.out.dir/library/Drivers/STM32F4xx_HAL_Driver/Src/stm32f4xx_hal.c.obj
LOAD CMakeFiles/nucleo-F446RE.out.dir/library/Drivers/STM32F4xx_HAL_Driver/Src/stm32f4xx_hal_exti.c.obj
LOAD CMakeFiles/nucleo-F446RE.out.dir/library/Drivers/STM32F4xx_HAL_Driver/Src/stm32f4xx_hal_pcd.c.obj
LOAD CMakeFiles/nucleo-F446RE.out.dir/library/Drivers/STM32F4xx_HAL_Driver/Src/stm32f4xx_hal_pcd_ex.c.obj
LOAD CMakeFiles/nucleo-F446RE.out.dir/library/Drivers/STM32F4xx_HAL_Driver/Src/stm32f4xx_ll_usb.c.obj
LOAD CMakeFiles/nucleo-F446RE.out.dir/library/Src/main.c.obj
LOAD CMakeFiles/nucleo-F446RE.out.dir/library/Src/gpio.c.obj
LOAD CMakeFiles/nucleo-F446RE.out.dir/library/Src/usart.c.obj
LOAD CMakeFiles/nucleo-F446RE.out.dir/library/Src/stm32f4xx_hal_msp.c.obj
LOAD CMakeFiles/nucleo-F446RE.out.dir/library/Src/stm32f4xx_it.c.obj
LOAD CMakeFiles/nucleo-F446RE.out.dir/library/Src/system_stm32f4xx.c.obj
LOAD CMakeFiles/nucleo-F446RE.out.dir/library/Src/freertos.c.obj
LOAD CMakeFiles/nucleo-F446RE.out.dir/library/Src/stm32f4xx_hal_timebase_tim.c.obj
LOAD CMakeFiles/nucleo-F446RE.out.dir/library/startup_stm32f446xx.s.obj
START GROUP
LOAD c:/progra~2/armgnu~1/12977f~1.2mp/bin/../lib/gcc/arm-none-eabi/12.2.1/thumb/v7e-m+fp/hard\libgcc.a
LOAD c:/progra~2/armgnu~1/12977f~1.2mp/bin/../lib/gcc/arm-none-eabi/12.2.1/thumb/v7e-m+fp/hard\libg.a
LOAD c:/progra~2/armgnu~1/12977f~1.2mp/bin/../lib/gcc/arm-none-eabi/12.2.1/thumb/v7e-m+fp/hard\libc.a
END GROUP
START GROUP
LOAD c:/progra~2/armgnu~1/12977f~1.2mp/bin/../lib/gcc/arm-none-eabi/12.2.1/thumb/v7e-m+fp/hard\libgcc.a
LOAD c:/progra~2/armgnu~1/12977f~1.2mp/bin/../lib/gcc/arm-none-eabi/12.2.1/thumb/v7e-m+fp/hard\libc.a
LOAD c:/progra~2/armgnu~1/12977f~1.2mp/bin/../lib/gcc/arm-none-eabi/12.2.1/thumb/v7e-m+fp/hard\libnosys.a
END GROUP
LOAD c:/progra~2/armgnu~1/12977f~1.2mp/bin/../lib/gcc/arm-none-eabi/12.2.1/thumb/v7e-m+fp/hard/crtend.o
LOAD c:/progra~2/armgnu~1/12977f~1.2mp/bin/../lib/gcc/arm-none-eabi/12.2.1/thumb/v7e-m+fp/hard/crtn.o
                0x20020000                        _estack = (ORIGIN (RAM) + LENGTH (RAM))
                0x00000200                        _Min_Heap_Size = 0x200
                0x00000400                        _Min_Stack_Size = 0x400

.isr_vector     0x08000000      0x1c4
                0x08000000                        . = ALIGN (0x4)
 *(.isr_vector)
 .isr_vector    0x08000000      0x1c4 CMakeFiles/nucleo-F446RE.out.dir/library/startup_stm32f446xx.s.obj
                0x08000000                g_pfnVectors
                0x080001c4                        . = ALIGN (0x4)

.text           0x080001d0     0x54f8
                0x080001d0                        . = ALIGN (0x4)
 *(.text)
 .text          0x080001d0       0x30 c:/progra~2/armgnu~1/12977f~1.2mp/bin/../lib/gcc/arm-none-eabi/12.2.1/thumb/v7e-m+fp/hard\libgcc.a(_aeabi_uldivmod.o)
                0x080001d0                __aeabi_uldivmod
 .text          0x08000200        0x4 c:/progra~2/armgnu~1/12977f~1.2mp/bin/../lib/gcc/arm-none-eabi/12.2.1/thumb/v7e-m+fp/hard\libgcc.a(_dvmd_tls.o)
                0x08000200                __aeabi_idiv0
                0x08000200                __aeabi_ldiv0
 .text          0x08000204      0x134 c:/progra~2/armgnu~1/12977f~1.2mp/bin/../lib/gcc/arm-none-eabi/12.2.1/thumb/v7e-m+fp/hard\libg.a(libc_a-memcpy.o)
                0x08000204                memcpy
 *(.text*)
 .text.deregister_tm_clones
                0x08000338       0x1c c:/progra~2/armgnu~1/12977f~1.2mp/bin/../lib/gcc/arm-none-eabi/12.2.1/thumb/v7e-m+fp/hard/crtbegin.o
 .text.register_tm_clones
                0x08000354       0x24 c:/progra~2/armgnu~1/12977f~1.2mp/bin/../lib/gcc/arm-none-eabi/12.2.1/thumb/v7e-m+fp/hard/crtbegin.o
 .text.__do_global_dtors_aux
                0x08000378       0x28 c:/progra~2/armgnu~1/12977f~1.2mp/bin/../lib/gcc/arm-none-eabi/12.2.1/thumb/v7e-m+fp/hard/crtbegin.o
 .text.frame_dummy
                0x080003a0       0x24 c:/progra~2/armgnu~1/12977f~1.2mp/bin/../lib/gcc/arm-none-eabi/12.2.1/thumb/v7e-m+fp/hard/crtbegin.o
 .text.memset   0x080003c4       0xa4 c:/progra~2/armgnu~1/12977f~1.2mp/bin/../lib/gcc/arm-none-eabi/12.2.1/thumb/v7e-m+fp/hard\libc.a(libc_a-memset.o)
                0x080003c4                memset
 .text.__libc_init_array
                0x08000468       0x50 c:/progra~2/armgnu~1/12977f~1.2mp/bin/../lib/gcc/arm-none-eabi/12.2.1/thumb/v7e-m+fp/hard\libc.a(libc_a-init.o)
                0x08000468                __libc_init_array
 .text.__retarget_lock_acquire_recursive
                0x080004b8        0x4 c:/progra~2/armgnu~1/12977f~1.2mp/bin/../lib/gcc/arm-none-eabi/12.2.1/thumb/v7e-m+fp/hard\libc.a(libc_a-lock.o)
                0x080004b8                __retarget_lock_acquire_recursive
 .text.__retarget_lock_release_recursive
                0x080004bc        0x4 c:/progra~2/armgnu~1/12977f~1.2mp/bin/../lib/gcc/arm-none-eabi/12.2.1/thumb/v7e-m+fp/hard\libc.a(libc_a-lock.o)
                0x080004bc                __retarget_lock_release_recursive
 .text.startup.register_fini
                0x080004c0       0x14 c:/progra~2/armgnu~1/12977f~1.2mp/bin/../lib/gcc/arm-none-eabi/12.2.1/thumb/v7e-m+fp/hard\libc.a(libc_a-__call_atexit.o)
 .text.atexit   0x080004d4        0xc c:/progra~2/armgnu~1/12977f~1.2mp/bin/../lib/gcc/arm-none-eabi/12.2.1/thumb/v7e-m+fp/hard\libc.a(libc_a-atexit.o)
                0x080004d4                atexit
 .text.__libc_fini_array
                0x080004e0       0x28 c:/progra~2/armgnu~1/12977f~1.2mp/bin/../lib/gcc/arm-none-eabi/12.2.1/thumb/v7e-m+fp/hard\libc.a(libc_a-fini.o)
                0x080004e0                __libc_fini_array
 .text.__register_exitproc
                0x08000508       0x80 c:/progra~2/armgnu~1/12977f~1.2mp/bin/../lib/gcc/arm-none-eabi/12.2.1/thumb/v7e-m+fp/hard\libc.a(libc_a-__atexit.o)
                0x08000508                __register_exitproc
 .text.vListInitialise
                0x08000588       0x40 CMakeFiles/nucleo-F446RE.out.dir/library/Middlewares/Third_Party/FreeRTOS/Source/list.c.obj
                0x08000588                vListInitialise
 .text.vListInitialiseItem
                0x080005c8       0x1a CMakeFiles/nucleo-F446RE.out.dir/library/Middlewares/Third_Party/FreeRTOS/Source/list.c.obj
                0x080005c8                vListInitialiseItem
 .text.vListInsertEnd
                0x080005e2       0x48 CMakeFiles/nucleo-F446RE.out.dir/library/Middlewares/Third_Party/FreeRTOS/Source/list.c.obj
                0x080005e2                vListInsertEnd
 .text.vListInsert
                0x0800062a       0x72 CMakeFiles/nucleo-F446RE.out.dir/library/Middlewares/Third_Party/FreeRTOS/Source/list.c.obj
                0x0800062a                vListInsert
 .text.uxListRemove
                0x0800069c       0x54 CMakeFiles/nucleo-F446RE.out.dir/library/Middlewares/Third_Party/FreeRTOS/Source/list.c.obj
                0x0800069c                uxListRemove
 .text.xQueueGenericReset
                0x080006f0       0xd4 CMakeFiles/nucleo-F446RE.out.dir/library/Middlewares/Third_Party/FreeRTOS/Source/queue.c.obj
                0x080006f0                xQueueGenericReset
 .text.xQueueGenericCreateStatic
                0x080007c4       0xfa CMakeFiles/nucleo-F446RE.out.dir/library/Middlewares/Third_Party/FreeRTOS/Source/queue.c.obj
                0x080007c4                xQueueGenericCreateStatic
 .text.prvInitialiseNewQueue
                0x080008be       0x46 CMakeFiles/nucleo-F446RE.out.dir/library/Middlewares/Third_Party/FreeRTOS/Source/queue.c.obj
 .text.xQueueGenericSend
                0x08000904      0x204 CMakeFiles/nucleo-F446RE.out.dir/library/Middlewares/Third_Party/FreeRTOS/Source/queue.c.obj
                0x08000904                xQueueGenericSend
 .text.xQueueGenericSendFromISR
                0x08000b08      0x13c CMakeFiles/nucleo-F446RE.out.dir/library/Middlewares/Third_Party/FreeRTOS/Source/queue.c.obj
                0x08000b08                xQueueGenericSendFromISR
 .text.xQueueReceive
                0x08000c44      0x1c4 CMakeFiles/nucleo-F446RE.out.dir/library/Middlewares/Third_Party/FreeRTOS/Source/queue.c.obj
                0x08000c44                xQueueReceive
 .text.prvCopyDataToQueue
                0x08000e08       0xd4 CMakeFiles/nucleo-F446RE.out.dir/library/Middlewares/Third_Party/FreeRTOS/Source/queue.c.obj
 .text.prvCopyDataFromQueue
                0x08000edc       0x4c CMakeFiles/nucleo-F446RE.out.dir/library/Middlewares/Third_Party/FreeRTOS/Source/queue.c.obj
 .text.prvUnlockQueue
                0x08000f28       0xa4 CMakeFiles/nucleo-F446RE.out.dir/library/Middlewares/Third_Party/FreeRTOS/Source/queue.c.obj
 .text.prvIsQueueEmpty
                0x08000fcc       0x2c CMakeFiles/nucleo-F446RE.out.dir/library/Middlewares/Third_Party/FreeRTOS/Source/queue.c.obj
 .text.prvIsQueueFull
                0x08000ff8       0x30 CMakeFiles/nucleo-F446RE.out.dir/library/Middlewares/Third_Party/FreeRTOS/Source/queue.c.obj
 .text.vQueueAddToRegistry
                0x08001028       0x54 CMakeFiles/nucleo-F446RE.out.dir/library/Middlewares/Third_Party/FreeRTOS/Source/queue.c.obj
                0x08001028                vQueueAddToRegistry
 .text.vQueueWaitForMessageRestricted
                0x0800107c       0x68 CMakeFiles/nucleo-F446RE.out.dir/library/Middlewares/Third_Party/FreeRTOS/Source/queue.c.obj
                0x0800107c                vQueueWaitForMessageRestricted
 .text.xTaskCreateStatic
                0x080010e4       0xc0 CMakeFiles/nucleo-F446RE.out.dir/library/Middlewares/Third_Party/FreeRTOS/Source/tasks.c.obj
                0x080010e4                xTaskCreateStatic
 .text.xTaskCreate
                0x080011a4       0x8a CMakeFiles/nucleo-F446RE.out.dir/library/Middlewares/Third_Party/FreeRTOS/Source/tasks.c.obj
                0x080011a4                xTaskCreate
 .text.prvInitialiseNewTask
                0x0800122e      0x120 CMakeFiles/nucleo-F446RE.out.dir/library/Middlewares/Third_Party/FreeRTOS/Source/tasks.c.obj
 *fill*         0x0800134e        0x2 
 .text.prvAddNewTaskToReadyList
                0x08001350       0xe0 CMakeFiles/nucleo-F446RE.out.dir/library/Middlewares/Third_Party/FreeRTOS/Source/tasks.c.obj
 .text.vTaskDelay
                0x08001430       0x6c CMakeFiles/nucleo-F446RE.out.dir/library/Middlewares/Third_Party/FreeRTOS/Source/tasks.c.obj
                0x08001430                vTaskDelay
 .text.vTaskStartScheduler
                0x0800149c       0xd0 CMakeFiles/nucleo-F446RE.out.dir/library/Middlewares/Third_Party/FreeRTOS/Source/tasks.c.obj
                0x0800149c                vTaskStartScheduler
 .text.vTaskSuspendAll
                0x0800156c       0x1c CMakeFiles/nucleo-F446RE.out.dir/library/Middlewares/Third_Party/FreeRTOS/Source/tasks.c.obj
                0x0800156c                vTaskSuspendAll
 .text.xTaskResumeAll
                0x08001588      0x13c CMakeFiles/nucleo-F446RE.out.dir/library/Middlewares/Third_Party/FreeRTOS/Source/tasks.c.obj
                0x08001588                xTaskResumeAll
 .text.xTaskGetTickCount
                0x080016c4       0x20 CMakeFiles/nucleo-F446RE.out.dir/library/Middlewares/Third_Party/FreeRTOS/Source/tasks.c.obj
                0x080016c4                xTaskGetTickCount
 .text.xTaskIncrementTick
                0x080016e4      0x174 CMakeFiles/nucleo-F446RE.out.dir/library/Middlewares/Third_Party/FreeRTOS/Source/tasks.c.obj
                0x080016e4                xTaskIncrementTick
 .text.vTaskSwitchContext
                0x08001858       0xbc CMakeFiles/nucleo-F446RE.out.dir/library/Middlewares/Third_Party/FreeRTOS/Source/tasks.c.obj
                0x08001858                vTaskSwitchContext
 .text.vTaskPlaceOnEventList
                0x08001914       0x4c CMakeFiles/nucleo-F446RE.out.dir/library/Middlewares/Third_Party/FreeRTOS/Source/tasks.c.obj
                0x08001914                vTaskPlaceOnEventList
 .text.vTaskPlaceOnEventListRestricted
                0x08001960       0x58 CMakeFiles/nucleo-F446RE.out.dir/library/Middlewares/Third_Party/FreeRTOS/Source/tasks.c.obj
                0x08001960                vTaskPlaceOnEventListRestricted
 .text.xTaskRemoveFromEventList
                0x080019b8       0xc8 CMakeFiles/nucleo-F446RE.out.dir/library/Middlewares/Third_Party/FreeRTOS/Source/tasks.c.obj
                0x080019b8                xTaskRemoveFromEventList
 .text.vTaskInternalSetTimeOutState
                0x08001a80       0x2c CMakeFiles/nucleo-F446RE.out.dir/library/Middlewares/Third_Party/FreeRTOS/Source/tasks.c.obj
                0x08001a80                vTaskInternalSetTimeOutState
 .text.xTaskCheckForTimeOut
                0x08001aac       0xc8 CMakeFiles/nucleo-F446RE.out.dir/library/Middlewares/Third_Party/FreeRTOS/Source/tasks.c.obj
                0x08001aac                xTaskCheckForTimeOut
 .text.vTaskMissedYield
                0x08001b74       0x18 CMakeFiles/nucleo-F446RE.out.dir/library/Middlewares/Third_Party/FreeRTOS/Source/tasks.c.obj
                0x08001b74                vTaskMissedYield
 .text.prvIdleTask
                0x08001b8c       0x30 CMakeFiles/nucleo-F446RE.out.dir/library/Middlewares/Third_Party/FreeRTOS/Source/tasks.c.obj
 .text.prvInitialiseTaskLists
                0x08001bbc       0x80 CMakeFiles/nucleo-F446RE.out.dir/library/Middlewares/Third_Party/FreeRTOS/Source/tasks.c.obj
 .text.prvCheckTasksWaitingTermination
                0x08001c3c       0x5c CMakeFiles/nucleo-F446RE.out.dir/library/Middlewares/Third_Party/FreeRTOS/Source/tasks.c.obj
 .text.prvDeleteTCB
                0x08001c98       0x60 CMakeFiles/nucleo-F446RE.out.dir/library/Middlewares/Third_Party/FreeRTOS/Source/tasks.c.obj
 .text.prvResetNextTaskUnblockTime
                0x08001cf8       0x40 CMakeFiles/nucleo-F446RE.out.dir/library/Middlewares/Third_Party/FreeRTOS/Source/tasks.c.obj
 .text.xTaskGetSchedulerState
                0x08001d38       0x3c CMakeFiles/nucleo-F446RE.out.dir/library/Middlewares/Third_Party/FreeRTOS/Source/tasks.c.obj
                0x08001d38                xTaskGetSchedulerState
 .text.xTaskPriorityDisinherit
                0x08001d74       0xe0 CMakeFiles/nucleo-F446RE.out.dir/library/Middlewares/Third_Party/FreeRTOS/Source/tasks.c.obj
                0x08001d74                xTaskPriorityDisinherit
 .text.prvAddCurrentTaskToDelayedList
                0x08001e54       0xa8 CMakeFiles/nucleo-F446RE.out.dir/library/Middlewares/Third_Party/FreeRTOS/Source/tasks.c.obj
 .text.xTimerCreateTimerTask
                0x08001efc       0x94 CMakeFiles/nucleo-F446RE.out.dir/library/Middlewares/Third_Party/FreeRTOS/Source/timers.c.obj
                0x08001efc                xTimerCreateTimerTask
 .text.xTimerGenericCommand
                0x08001f90       0x9c CMakeFiles/nucleo-F446RE.out.dir/library/Middlewares/Third_Party/FreeRTOS/Source/timers.c.obj
                0x08001f90                xTimerGenericCommand
 .text.prvProcessExpiredTimer
                0x0800202c       0x9c CMakeFiles/nucleo-F446RE.out.dir/library/Middlewares/Third_Party/FreeRTOS/Source/timers.c.obj
 .text.prvTimerTask
                0x080020c8       0x26 CMakeFiles/nucleo-F446RE.out.dir/library/Middlewares/Third_Party/FreeRTOS/Source/timers.c.obj
 *fill*         0x080020ee        0x2 
 .text.prvProcessTimerOrBlockTask
                0x080020f0       0x9c CMakeFiles/nucleo-F446RE.out.dir/library/Middlewares/Third_Party/FreeRTOS/Source/timers.c.obj
 .text.prvGetNextExpireTime
                0x0800218c       0x48 CMakeFiles/nucleo-F446RE.out.dir/library/Middlewares/Third_Party/FreeRTOS/Source/timers.c.obj
 .text.prvSampleTimeNow
                0x080021d4       0x40 CMakeFiles/nucleo-F446RE.out.dir/library/Middlewares/Third_Party/FreeRTOS/Source/timers.c.obj
 .text.prvInsertTimerInActiveList
                0x08002214       0x84 CMakeFiles/nucleo-F446RE.out.dir/library/Middlewares/Third_Party/FreeRTOS/Source/timers.c.obj
 .text.prvProcessReceivedCommands
                0x08002298      0x1cc CMakeFiles/nucleo-F446RE.out.dir/library/Middlewares/Third_Party/FreeRTOS/Source/timers.c.obj
 .text.prvSwitchTimerLists
                0x08002464       0xcc CMakeFiles/nucleo-F446RE.out.dir/library/Middlewares/Third_Party/FreeRTOS/Source/timers.c.obj
 .text.prvCheckForValidListAndQueue
                0x08002530       0x80 CMakeFiles/nucleo-F446RE.out.dir/library/Middlewares/Third_Party/FreeRTOS/Source/timers.c.obj
 .text.pxPortInitialiseStack
                0x080025b0       0x68 CMakeFiles/nucleo-F446RE.out.dir/library/Middlewares/Third_Party/FreeRTOS/Source/portable/GCC/ARM_CM4F/port.c.obj
                0x080025b0                pxPortInitialiseStack
 .text.prvTaskExitError
                0x08002618       0x5c CMakeFiles/nucleo-F446RE.out.dir/library/Middlewares/Third_Party/FreeRTOS/Source/portable/GCC/ARM_CM4F/port.c.obj
 *fill*         0x08002674        0xc 
 .text.SVC_Handler
                0x08002680       0x28 CMakeFiles/nucleo-F446RE.out.dir/library/Middlewares/Third_Party/FreeRTOS/Source/portable/GCC/ARM_CM4F/port.c.obj
                0x08002680                SVC_Handler
 .text.prvPortStartFirstTask
                0x080026a8       0x28 CMakeFiles/nucleo-F446RE.out.dir/library/Middlewares/Third_Party/FreeRTOS/Source/portable/GCC/ARM_CM4F/port.c.obj
 .text.xPortStartScheduler
                0x080026d0      0x148 CMakeFiles/nucleo-F446RE.out.dir/library/Middlewares/Third_Party/FreeRTOS/Source/portable/GCC/ARM_CM4F/port.c.obj
                0x080026d0                xPortStartScheduler
 .text.vPortEnterCritical
                0x08002818       0x64 CMakeFiles/nucleo-F446RE.out.dir/library/Middlewares/Third_Party/FreeRTOS/Source/portable/GCC/ARM_CM4F/port.c.obj
                0x08002818                vPortEnterCritical
 .text.vPortExitCritical
                0x0800287c       0x54 CMakeFiles/nucleo-F446RE.out.dir/library/Middlewares/Third_Party/FreeRTOS/Source/portable/GCC/ARM_CM4F/port.c.obj
                0x0800287c                vPortExitCritical
 .text.PendSV_Handler
                0x080028d0       0x68 CMakeFiles/nucleo-F446RE.out.dir/library/Middlewares/Third_Party/FreeRTOS/Source/portable/GCC/ARM_CM4F/port.c.obj
                0x080028d0                PendSV_Handler
 .text.xPortSysTickHandler
                0x08002938       0x44 CMakeFiles/nucleo-F446RE.out.dir/library/Middlewares/Third_Party/FreeRTOS/Source/portable/GCC/ARM_CM4F/port.c.obj
                0x08002938                xPortSysTickHandler
 .text.vPortSetupTimerInterrupt
                0x0800297c       0x48 CMakeFiles/nucleo-F446RE.out.dir/library/Middlewares/Third_Party/FreeRTOS/Source/portable/GCC/ARM_CM4F/port.c.obj
                0x0800297c                vPortSetupTimerInterrupt
 .text.vPortEnableVFP
                0x080029c4       0x14 CMakeFiles/nucleo-F446RE.out.dir/library/Middlewares/Third_Party/FreeRTOS/Source/portable/GCC/ARM_CM4F/port.c.obj
 .text.vPortValidateInterruptPriority
                0x080029d8       0x84 CMakeFiles/nucleo-F446RE.out.dir/library/Middlewares/Third_Party/FreeRTOS/Source/portable/GCC/ARM_CM4F/port.c.obj
                0x080029d8                vPortValidateInterruptPriority
 .text.pvPortMalloc
                0x08002a5c      0x19c CMakeFiles/nucleo-F446RE.out.dir/library/Middlewares/Third_Party/FreeRTOS/Source/portable/MemMang/heap_4.c.obj
                0x08002a5c                pvPortMalloc
 .text.vPortFree
                0x08002bf8       0xc8 CMakeFiles/nucleo-F446RE.out.dir/library/Middlewares/Third_Party/FreeRTOS/Source/portable/MemMang/heap_4.c.obj
                0x08002bf8                vPortFree
 .text.prvHeapInit
                0x08002cc0       0xc4 CMakeFiles/nucleo-F446RE.out.dir/library/Middlewares/Third_Party/FreeRTOS/Source/portable/MemMang/heap_4.c.obj
 .text.prvInsertBlockIntoFreeList
                0x08002d84       0xb4 CMakeFiles/nucleo-F446RE.out.dir/library/Middlewares/Third_Party/FreeRTOS/Source/portable/MemMang/heap_4.c.obj
 .text.__NVIC_SetPriority
                0x08002e38       0x54 CMakeFiles/nucleo-F446RE.out.dir/library/Middlewares/Third_Party/FreeRTOS/Source/CMSIS_RTOS_V2/cmsis_os2.c.obj
 .text.SysTick_Handler
                0x08002e8c       0x20 CMakeFiles/nucleo-F446RE.out.dir/library/Middlewares/Third_Party/FreeRTOS/Source/CMSIS_RTOS_V2/cmsis_os2.c.obj
                0x08002e8c                SysTick_Handler
 .text.SVC_Setup
                0x08002eac       0x12 CMakeFiles/nucleo-F446RE.out.dir/library/Middlewares/Third_Party/FreeRTOS/Source/CMSIS_RTOS_V2/cmsis_os2.c.obj
 *fill*         0x08002ebe        0x2 
 .text.osKernelInitialize
                0x08002ec0       0x48 CMakeFiles/nucleo-F446RE.out.dir/library/Middlewares/Third_Party/FreeRTOS/Source/CMSIS_RTOS_V2/cmsis_os2.c.obj
                0x08002ec0                osKernelInitialize
 .text.osKernelStart
                0x08002f08       0x4c CMakeFiles/nucleo-F446RE.out.dir/library/Middlewares/Third_Party/FreeRTOS/Source/CMSIS_RTOS_V2/cmsis_os2.c.obj
                0x08002f08                osKernelStart
 .text.osThreadNew
                0x08002f54      0x124 CMakeFiles/nucleo-F446RE.out.dir/library/Middlewares/Third_Party/FreeRTOS/Source/CMSIS_RTOS_V2/cmsis_os2.c.obj
                0x08002f54                osThreadNew
 .text.osDelay  0x08003078       0x36 CMakeFiles/nucleo-F446RE.out.dir/library/Middlewares/Third_Party/FreeRTOS/Source/CMSIS_RTOS_V2/cmsis_os2.c.obj
                0x08003078                osDelay
 *fill*         0x080030ae        0x2 
 .text.vApplicationGetIdleTaskMemory
                0x080030b0       0x34 CMakeFiles/nucleo-F446RE.out.dir/library/Middlewares/Third_Party/FreeRTOS/Source/CMSIS_RTOS_V2/cmsis_os2.c.obj
                0x080030b0                vApplicationGetIdleTaskMemory
 .text.vApplicationGetTimerTaskMemory
                0x080030e4       0x34 CMakeFiles/nucleo-F446RE.out.dir/library/Middlewares/Third_Party/FreeRTOS/Source/CMSIS_RTOS_V2/cmsis_os2.c.obj
                0x080030e4                vApplicationGetTimerTaskMemory
 .text.HAL_TIM_Base_Init
                0x08003118       0x9e CMakeFiles/nucleo-F446RE.out.dir/library/Drivers/STM32F4xx_HAL_Driver/Src/stm32f4xx_hal_tim.c.obj
                0x08003118                HAL_TIM_Base_Init
 .text.HAL_TIM_Base_MspInit
                0x080031b6       0x14 CMakeFiles/nucleo-F446RE.out.dir/library/Drivers/STM32F4xx_HAL_Driver/Src/stm32f4xx_hal_tim.c.obj
                0x080031b6                HAL_TIM_Base_MspInit
 *fill*         0x080031ca        0x2 
 .text.HAL_TIM_Base_Start_IT
                0x080031cc       0xe0 CMakeFiles/nucleo-F446RE.out.dir/library/Drivers/STM32F4xx_HAL_Driver/Src/stm32f4xx_hal_tim.c.obj
                0x080031cc                HAL_TIM_Base_Start_IT
 .text.HAL_TIM_IRQHandler
                0x080032ac      0x210 CMakeFiles/nucleo-F446RE.out.dir/library/Drivers/STM32F4xx_HAL_Driver/Src/stm32f4xx_hal_tim.c.obj
                0x080032ac                HAL_TIM_IRQHandler
 .text.HAL_TIM_OC_DelayElapsedCallback
                0x080034bc       0x14 CMakeFiles/nucleo-F446RE.out.dir/library/Drivers/STM32F4xx_HAL_Driver/Src/stm32f4xx_hal_tim.c.obj
                0x080034bc                HAL_TIM_OC_DelayElapsedCallback
 .text.HAL_TIM_IC_CaptureCallback
                0x080034d0       0x14 CMakeFiles/nucleo-F446RE.out.dir/library/Drivers/STM32F4xx_HAL_Driver/Src/stm32f4xx_hal_tim.c.obj
                0x080034d0                HAL_TIM_IC_CaptureCallback
 .text.HAL_TIM_PWM_PulseFinishedCallback
                0x080034e4       0x14 CMakeFiles/nucleo-F446RE.out.dir/library/Drivers/STM32F4xx_HAL_Driver/Src/stm32f4xx_hal_tim.c.obj
                0x080034e4                HAL_TIM_PWM_PulseFinishedCallback
 .text.HAL_TIM_TriggerCallback
                0x080034f8       0x14 CMakeFiles/nucleo-F446RE.out.dir/library/Drivers/STM32F4xx_HAL_Driver/Src/stm32f4xx_hal_tim.c.obj
                0x080034f8                HAL_TIM_TriggerCallback
 .text.TIM_Base_SetConfig
                0x0800350c      0x140 CMakeFiles/nucleo-F446RE.out.dir/library/Drivers/STM32F4xx_HAL_Driver/Src/stm32f4xx_hal_tim.c.obj
                0x0800350c                TIM_Base_SetConfig
 .text.HAL_TIMEx_CommutCallback
                0x0800364c       0x14 CMakeFiles/nucleo-F446RE.out.dir/library/Drivers/STM32F4xx_HAL_Driver/Src/stm32f4xx_hal_tim_ex.c.obj
                0x0800364c                HAL_TIMEx_CommutCallback
 .text.HAL_TIMEx_BreakCallback
                0x08003660       0x14 CMakeFiles/nucleo-F446RE.out.dir/library/Drivers/STM32F4xx_HAL_Driver/Src/stm32f4xx_hal_tim_ex.c.obj
                0x08003660                HAL_TIMEx_BreakCallback
 .text.HAL_UART_Init
                0x08003674       0x9a CMakeFiles/nucleo-F446RE.out.dir/library/Drivers/STM32F4xx_HAL_Driver/Src/stm32f4xx_hal_uart.c.obj
                0x08003674                HAL_UART_Init
 *fill*         0x0800370e        0x2 
 .text.UART_SetConfig
                0x08003710      0x4e8 CMakeFiles/nucleo-F446RE.out.dir/library/Drivers/STM32F4xx_HAL_Driver/Src/stm32f4xx_hal_uart.c.obj
 .text.HAL_RCC_ClockConfig
                0x08003bf8      0x1cc CMakeFiles/nucleo-F446RE.out.dir/library/Drivers/STM32F4xx_HAL_Driver/Src/stm32f4xx_hal_rcc.c.obj
                0x08003bf8                HAL_RCC_ClockConfig
 .text.HAL_RCC_GetHCLKFreq
                0x08003dc4       0x18 CMakeFiles/nucleo-F446RE.out.dir/library/Drivers/STM32F4xx_HAL_Driver/Src/stm32f4xx_hal_rcc.c.obj
                0x08003dc4                HAL_RCC_GetHCLKFreq
 .text.HAL_RCC_GetPCLK1Freq
                0x08003ddc       0x28 CMakeFiles/nucleo-F446RE.out.dir/library/Drivers/STM32F4xx_HAL_Driver/Src/stm32f4xx_hal_rcc.c.obj
                0x08003ddc                HAL_RCC_GetPCLK1Freq
 .text.HAL_RCC_GetPCLK2Freq
                0x08003e04       0x28 CMakeFiles/nucleo-F446RE.out.dir/library/Drivers/STM32F4xx_HAL_Driver/Src/stm32f4xx_hal_rcc.c.obj
                0x08003e04                HAL_RCC_GetPCLK2Freq
 .text.HAL_RCC_GetClockConfig
                0x08003e2c       0x64 CMakeFiles/nucleo-F446RE.out.dir/library/Drivers/STM32F4xx_HAL_Driver/Src/stm32f4xx_hal_rcc.c.obj
                0x08003e2c                HAL_RCC_GetClockConfig
 .text.HAL_RCC_GetSysClockFreq
                0x08003e90      0x460 CMakeFiles/nucleo-F446RE.out.dir/library/Drivers/STM32F4xx_HAL_Driver/Src/stm32f4xx_hal_rcc_ex.c.obj
                0x08003e90                HAL_RCC_GetSysClockFreq
 .text.HAL_RCC_OscConfig
                0x080042f0      0x53c CMakeFiles/nucleo-F446RE.out.dir/library/Drivers/STM32F4xx_HAL_Driver/Src/stm32f4xx_hal_rcc_ex.c.obj
                0x080042f0                HAL_RCC_OscConfig
 .text.HAL_GPIO_Init
                0x0800482c      0x328 CMakeFiles/nucleo-F446RE.out.dir/library/Drivers/STM32F4xx_HAL_Driver/Src/stm32f4xx_hal_gpio.c.obj
                0x0800482c                HAL_GPIO_Init
 .text.HAL_GPIO_WritePin
                0x08004b54       0x32 CMakeFiles/nucleo-F446RE.out.dir/library/Drivers/STM32F4xx_HAL_Driver/Src/stm32f4xx_hal_gpio.c.obj
                0x08004b54                HAL_GPIO_WritePin
 .text.HAL_GPIO_TogglePin
                0x08004b86       0x34 CMakeFiles/nucleo-F446RE.out.dir/library/Drivers/STM32F4xx_HAL_Driver/Src/stm32f4xx_hal_gpio.c.obj
                0x08004b86                HAL_GPIO_TogglePin
 *fill*         0x08004bba        0x2 
 .text.HAL_PWREx_EnableOverDrive
                0x08004bbc       0xa0 CMakeFiles/nucleo-F446RE.out.dir/library/Drivers/STM32F4xx_HAL_Driver/Src/stm32f4xx_hal_pwr_ex.c.obj
                0x08004bbc                HAL_PWREx_EnableOverDrive
 .text.__NVIC_SetPriorityGrouping
                0x08004c5c       0x48 CMakeFiles/nucleo-F446RE.out.dir/library/Drivers/STM32F4xx_HAL_Driver/Src/stm32f4xx_hal_cortex.c.obj
 .text.__NVIC_GetPriorityGrouping
                0x08004ca4       0x1c CMakeFiles/nucleo-F446RE.out.dir/library/Drivers/STM32F4xx_HAL_Driver/Src/stm32f4xx_hal_cortex.c.obj
 .text.__NVIC_EnableIRQ
                0x08004cc0       0x3c CMakeFiles/nucleo-F446RE.out.dir/library/Drivers/STM32F4xx_HAL_Driver/Src/stm32f4xx_hal_cortex.c.obj
 .text.__NVIC_SetPriority
                0x08004cfc       0x54 CMakeFiles/nucleo-F446RE.out.dir/library/Drivers/STM32F4xx_HAL_Driver/Src/stm32f4xx_hal_cortex.c.obj
 .text.NVIC_EncodePriority
                0x08004d50       0x66 CMakeFiles/nucleo-F446RE.out.dir/library/Drivers/STM32F4xx_HAL_Driver/Src/stm32f4xx_hal_cortex.c.obj
 .text.HAL_NVIC_SetPriorityGrouping
                0x08004db6       0x16 CMakeFiles/nucleo-F446RE.out.dir/library/Drivers/STM32F4xx_HAL_Driver/Src/stm32f4xx_hal_cortex.c.obj
                0x08004db6                HAL_NVIC_SetPriorityGrouping
 .text.HAL_NVIC_SetPriority
                0x08004dcc       0x38 CMakeFiles/nucleo-F446RE.out.dir/library/Drivers/STM32F4xx_HAL_Driver/Src/stm32f4xx_hal_cortex.c.obj
                0x08004dcc                HAL_NVIC_SetPriority
 .text.HAL_NVIC_EnableIRQ
                0x08004e04       0x1c CMakeFiles/nucleo-F446RE.out.dir/library/Drivers/STM32F4xx_HAL_Driver/Src/stm32f4xx_hal_cortex.c.obj
                0x08004e04                HAL_NVIC_EnableIRQ
 .text.HAL_Init
                0x08004e20       0x44 CMakeFiles/nucleo-F446RE.out.dir/library/Drivers/STM32F4xx_HAL_Driver/Src/stm32f4xx_hal.c.obj
                0x08004e20                HAL_Init
 .text.HAL_IncTick
                0x08004e64       0x28 CMakeFiles/nucleo-F446RE.out.dir/library/Drivers/STM32F4xx_HAL_Driver/Src/stm32f4xx_hal.c.obj
                0x08004e64                HAL_IncTick
 .text.HAL_GetTick
                0x08004e8c       0x18 CMakeFiles/nucleo-F446RE.out.dir/library/Drivers/STM32F4xx_HAL_Driver/Src/stm32f4xx_hal.c.obj
                0x08004e8c                HAL_GetTick
 .text.main     0x08004ea4       0x24 CMakeFiles/nucleo-F446RE.out.dir/library/Src/main.c.obj
                0x08004ea4                main
 .text.SystemClock_Config
                0x08004ec8       0xe4 CMakeFiles/nucleo-F446RE.out.dir/library/Src/main.c.obj
                0x08004ec8                SystemClock_Config
 .text.HAL_TIM_PeriodElapsedCallback
                0x08004fac       0x24 CMakeFiles/nucleo-F446RE.out.dir/library/Src/main.c.obj
                0x08004fac                HAL_TIM_PeriodElapsedCallback
 .text.Error_Handler
                0x08004fd0        0xc CMakeFiles/nucleo-F446RE.out.dir/library/Src/main.c.obj
                0x08004fd0                Error_Handler
 .text.MX_GPIO_Init
                0x08004fdc       0xdc CMakeFiles/nucleo-F446RE.out.dir/library/Src/gpio.c.obj
                0x08004fdc                MX_GPIO_Init
 .text.MX_USART2_UART_Init
                0x080050b8       0x54 CMakeFiles/nucleo-F446RE.out.dir/library/Src/usart.c.obj
                0x080050b8                MX_USART2_UART_Init
 .text.HAL_UART_MspInit
                0x0800510c       0x90 CMakeFiles/nucleo-F446RE.out.dir/library/Src/usart.c.obj
                0x0800510c                HAL_UART_MspInit
 .text.HAL_MspInit
                0x0800519c       0x58 CMakeFiles/nucleo-F446RE.out.dir/library/Src/stm32f4xx_hal_msp.c.obj
                0x0800519c                HAL_MspInit
 .text.NMI_Handler
                0x080051f4        0x8 CMakeFiles/nucleo-F446RE.out.dir/library/Src/stm32f4xx_it.c.obj
                0x080051f4                NMI_Handler
 .text.HardFault_Handler
                0x080051fc        0x8 CMakeFiles/nucleo-F446RE.out.dir/library/Src/stm32f4xx_it.c.obj
                0x080051fc                HardFault_Handler
 .text.MemManage_Handler
                0x08005204        0x8 CMakeFiles/nucleo-F446RE.out.dir/library/Src/stm32f4xx_it.c.obj
                0x08005204                MemManage_Handler
 .text.BusFault_Handler
                0x0800520c        0x8 CMakeFiles/nucleo-F446RE.out.dir/library/Src/stm32f4xx_it.c.obj
                0x0800520c                BusFault_Handler
 .text.UsageFault_Handler
                0x08005214        0x8 CMakeFiles/nucleo-F446RE.out.dir/library/Src/stm32f4xx_it.c.obj
                0x08005214                UsageFault_Handler
 .text.DebugMon_Handler
                0x0800521c        0xe CMakeFiles/nucleo-F446RE.out.dir/library/Src/stm32f4xx_it.c.obj
                0x0800521c                DebugMon_Handler
 *fill*         0x0800522a        0x2 
 .text.TIM6_DAC_IRQHandler
                0x0800522c       0x14 CMakeFiles/nucleo-F446RE.out.dir/library/Src/stm32f4xx_it.c.obj
                0x0800522c                TIM6_DAC_IRQHandler
 .text.SystemInit
                0x08005240       0x24 CMakeFiles/nucleo-F446RE.out.dir/library/Src/system_stm32f4xx.c.obj
                0x08005240                SystemInit
 .text.MX_FREERTOS_Init
                0x08005264       0x24 CMakeFiles/nucleo-F446RE.out.dir/library/Src/freertos.c.obj
                0x08005264                MX_FREERTOS_Init
 .text.StartTask_1
                0x08005288       0x20 CMakeFiles/nucleo-F446RE.out.dir/library/Src/freertos.c.obj
                0x08005288                StartTask_1
 .text.HAL_InitTick
                0x080052a8       0xf8 CMakeFiles/nucleo-F446RE.out.dir/library/Src/stm32f4xx_hal_timebase_tim.c.obj
                0x080052a8                HAL_InitTick
 .text.Reset_Handler
                0x080053a0       0x50 CMakeFiles/nucleo-F446RE.out.dir/library/startup_stm32f446xx.s.obj
                0x080053a0                Reset_Handler
 .text.Default_Handler
                0x080053f0        0x2 CMakeFiles/nucleo-F446RE.out.dir/library/startup_stm32f446xx.s.obj
                0x080053f0                RTC_Alarm_IRQHandler
                0x080053f0                EXTI2_IRQHandler
                0x080053f0                TIM8_CC_IRQHandler
                0x080053f0                FMPI2C1_EV_IRQHandler
                0x080053f0                SPI4_IRQHandler
                0x080053f0                TIM1_CC_IRQHandler
                0x080053f0                DMA2_Stream5_IRQHandler
                0x080053f0                DMA1_Stream5_IRQHandler
                0x080053f0                PVD_IRQHandler
                0x080053f0                SDIO_IRQHandler
                0x080053f0                TAMP_STAMP_IRQHandler
                0x080053f0                CAN2_RX1_IRQHandler
                0x080053f0                EXTI3_IRQHandler
                0x080053f0                TIM8_TRG_COM_TIM14_IRQHandler
                0x080053f0                TIM1_UP_TIM10_IRQHandler
                0x080053f0                TIM8_UP_TIM13_IRQHandler
                0x080053f0                I2C3_ER_IRQHandler
                0x080053f0                EXTI0_IRQHandler
                0x080053f0                I2C2_EV_IRQHandler
                0x080053f0                DMA1_Stream2_IRQHandler
                0x080053f0                CAN1_RX0_IRQHandler
                0x080053f0                FPU_IRQHandler
                0x080053f0                OTG_HS_WKUP_IRQHandler
                0x080053f0                CAN2_SCE_IRQHandler
                0x080053f0                DMA2_Stream2_IRQHandler
                0x080053f0                SPI1_IRQHandler
                0x080053f0                TIM1_BRK_TIM9_IRQHandler
                0x080053f0                DCMI_IRQHandler
                0x080053f0                CAN2_RX0_IRQHandler
                0x080053f0                DMA2_Stream3_IRQHandler
                0x080053f0                SAI2_IRQHandler
                0x080053f0                USART6_IRQHandler
                0x080053f0                USART3_IRQHandler
                0x080053f0                CAN1_RX1_IRQHandler
                0x080053f0                UART5_IRQHandler
                0x080053f0                DMA2_Stream0_IRQHandler
                0x080053f0                TIM4_IRQHandler
                0x080053f0                QUADSPI_IRQHandler
                0x080053f0                I2C1_EV_IRQHandler
                0x080053f0                DMA1_Stream6_IRQHandler
                0x080053f0                DMA1_Stream1_IRQHandler
                0x080053f0                UART4_IRQHandler
                0x080053f0                TIM3_IRQHandler
                0x080053f0                RCC_IRQHandler
                0x080053f0                TIM8_BRK_TIM12_IRQHandler
                0x080053f0                Default_Handler
                0x080053f0                CEC_IRQHandler
                0x080053f0                EXTI15_10_IRQHandler
                0x080053f0                ADC_IRQHandler
                0x080053f0                DMA1_Stream7_IRQHandler
                0x080053f0                TIM7_IRQHandler
                0x080053f0                CAN2_TX_IRQHandler
                0x080053f0                TIM5_IRQHandler
                0x080053f0                DMA2_Stream7_IRQHandler
                0x080053f0                I2C3_EV_IRQHandler
                0x080053f0                EXTI9_5_IRQHandler
                0x080053f0                RTC_WKUP_IRQHandler
                0x080053f0                SPDIF_RX_IRQHandler
                0x080053f0                SPI2_IRQHandler
                0x080053f0                OTG_HS_EP1_IN_IRQHandler
                0x080053f0                DMA1_Stream0_IRQHandler
                0x080053f0                CAN1_TX_IRQHandler
                0x080053f0                FMPI2C1_ER_IRQHandler
                0x080053f0                EXTI4_IRQHandler
                0x080053f0                OTG_HS_EP1_OUT_IRQHandler
                0x080053f0                WWDG_IRQHandler
                0x080053f0                TIM2_IRQHandler
                0x080053f0                OTG_FS_WKUP_IRQHandler
                0x080053f0                TIM1_TRG_COM_TIM11_IRQHandler
                0x080053f0                OTG_HS_IRQHandler
                0x080053f0                EXTI1_IRQHandler
                0x080053f0                USART2_IRQHandler
                0x080053f0                I2C2_ER_IRQHandler
                0x080053f0                DMA2_Stream1_IRQHandler
                0x080053f0                CAN1_SCE_IRQHandler
                0x080053f0                FLASH_IRQHandler
                0x080053f0                DMA2_Stream4_IRQHandler
                0x080053f0                USART1_IRQHandler
                0x080053f0                OTG_FS_IRQHandler
                0x080053f0                SPI3_IRQHandler
                0x080053f0                DMA1_Stream4_IRQHandler
                0x080053f0                I2C1_ER_IRQHandler
                0x080053f0                FMC_IRQHandler
                0x080053f0                DMA2_Stream6_IRQHandler
                0x080053f0                SAI1_IRQHandler
                0x080053f0                DMA1_Stream3_IRQHandler
 *fill*         0x080053f2        0x2 
 .text.__udivmoddi4
                0x080053f4      0x2bc c:/progra~2/armgnu~1/12977f~1.2mp/bin/../lib/gcc/arm-none-eabi/12.2.1/thumb/v7e-m+fp/hard\libgcc.a(_udivmoddi4.o)
                0x080053f4                __udivmoddi4
 *(.glue_7)
 .glue_7        0x080056b0        0x0 linker stubs
 *(.glue_7t)
 .glue_7t       0x080056b0        0x0 linker stubs
 *(.eh_frame)
 .eh_frame      0x080056b0        0x0 c:/progra~2/armgnu~1/12977f~1.2mp/bin/../lib/gcc/arm-none-eabi/12.2.1/thumb/v7e-m+fp/hard/crtbegin.o
 *(.init)
 .init          0x080056b0        0x4 c:/progra~2/armgnu~1/12977f~1.2mp/bin/../lib/gcc/arm-none-eabi/12.2.1/thumb/v7e-m+fp/hard/crti.o
                0x080056b0                _init
 .init          0x080056b4        0x8 c:/progra~2/armgnu~1/12977f~1.2mp/bin/../lib/gcc/arm-none-eabi/12.2.1/thumb/v7e-m+fp/hard/crtn.o
 *(.fini)
 .fini          0x080056bc        0x4 c:/progra~2/armgnu~1/12977f~1.2mp/bin/../lib/gcc/arm-none-eabi/12.2.1/thumb/v7e-m+fp/hard/crti.o
                0x080056bc                _fini
 .fini          0x080056c0        0x8 c:/progra~2/armgnu~1/12977f~1.2mp/bin/../lib/gcc/arm-none-eabi/12.2.1/thumb/v7e-m+fp/hard/crtn.o
                0x080056c8                        . = ALIGN (0x4)
                0x080056c8                        _etext = .

.vfp11_veneer   0x080056c8        0x0
 .vfp11_veneer  0x080056c8        0x0 linker stubs

.v4_bx          0x080056c8        0x0
 .v4_bx         0x080056c8        0x0 linker stubs

.iplt           0x080056c8        0x0
 .iplt          0x080056c8        0x0 c:/progra~2/armgnu~1/12977f~1.2mp/bin/../lib/gcc/arm-none-eabi/12.2.1/thumb/v7e-m+fp/hard/crtbegin.o

.rodata         0x080056c8       0x5c
                0x080056c8                        . = ALIGN (0x4)
 *(.rodata)
 .rodata        0x080056c8        0x5 CMakeFiles/nucleo-F446RE.out.dir/library/Middlewares/Third_Party/FreeRTOS/Source/tasks.c.obj
 *fill*         0x080056cd        0x3 
 .rodata        0x080056d0        0xd CMakeFiles/nucleo-F446RE.out.dir/library/Middlewares/Third_Party/FreeRTOS/Source/timers.c.obj
 *fill*         0x080056dd        0x3 
 .rodata        0x080056e0        0x7 CMakeFiles/nucleo-F446RE.out.dir/library/Src/freertos.c.obj
 *(.rodata*)
 *fill*         0x080056e7        0x1 
 .rodata.AHBPrescTable
                0x080056e8       0x10 CMakeFiles/nucleo-F446RE.out.dir/library/Src/system_stm32f4xx.c.obj
                0x080056e8                AHBPrescTable
 .rodata.APBPrescTable
                0x080056f8        0x8 CMakeFiles/nucleo-F446RE.out.dir/library/Src/system_stm32f4xx.c.obj
                0x080056f8                APBPrescTable
 .rodata.Task_1_attributes
                0x08005700       0x24 CMakeFiles/nucleo-F446RE.out.dir/library/Src/freertos.c.obj
                0x08005700                Task_1_attributes
                0x08005724                        . = ALIGN (0x4)

.ARM.extab
 *(.ARM.extab* .gnu.linkonce.armextab.*)

.ARM            0x08005724        0x8
                0x08005724                        __exidx_start = .
 *(.ARM.exidx*)
 .ARM.exidx     0x08005724        0x8 c:/progra~2/armgnu~1/12977f~1.2mp/bin/../lib/gcc/arm-none-eabi/12.2.1/thumb/v7e-m+fp/hard\libg.a(libc_a-memcpy.o)
 .ARM.exidx.text.__udivmoddi4
                0x0800572c        0x0 c:/progra~2/armgnu~1/12977f~1.2mp/bin/../lib/gcc/arm-none-eabi/12.2.1/thumb/v7e-m+fp/hard\libgcc.a(_udivmoddi4.o)
                                  0x8 (size before relaxing)
                0x0800572c                        __exidx_end = .

.rel.dyn        0x0800572c        0x0
 .rel.iplt      0x0800572c        0x0 c:/progra~2/armgnu~1/12977f~1.2mp/bin/../lib/gcc/arm-none-eabi/12.2.1/thumb/v7e-m+fp/hard/crtbegin.o

.preinit_array  0x0800572c        0x0
                0x0800572c                        PROVIDE (__preinit_array_start = .)
 *(.preinit_array*)
                0x0800572c                        PROVIDE (__preinit_array_end = .)

.init_array     0x0800572c        0x8
                0x0800572c                        PROVIDE (__init_array_start = .)
 *(SORT_BY_NAME(.init_array.*))
 .init_array.00000
                0x0800572c        0x4 c:/progra~2/armgnu~1/12977f~1.2mp/bin/../lib/gcc/arm-none-eabi/12.2.1/thumb/v7e-m+fp/hard\libc.a(libc_a-__call_atexit.o)
 *(.init_array*)
 .init_array    0x08005730        0x4 c:/progra~2/armgnu~1/12977f~1.2mp/bin/../lib/gcc/arm-none-eabi/12.2.1/thumb/v7e-m+fp/hard/crtbegin.o
                0x08005734                        PROVIDE (__init_array_end = .)

.fini_array     0x08005734        0x4
                0x08005734                        PROVIDE (__fini_array_start = .)
 *(SORT_BY_NAME(.fini_array.*))
 *(.fini_array*)
 .fini_array    0x08005734        0x4 c:/progra~2/armgnu~1/12977f~1.2mp/bin/../lib/gcc/arm-none-eabi/12.2.1/thumb/v7e-m+fp/hard/crtbegin.o
                0x08005738                        PROVIDE (__fini_array_end = .)
                0x08005738                        _sidata = LOADADDR (.data)

.data           0x20000000       0x14 load address 0x08005738
                0x20000000                        . = ALIGN (0x4)
                0x20000000                        _sdata = .
 *(.data)
 *(.data*)
 .data.__atexit_recursive_mutex
                0x20000000        0x4 c:/progra~2/armgnu~1/12977f~1.2mp/bin/../lib/gcc/arm-none-eabi/12.2.1/thumb/v7e-m+fp/hard\libc.a(libc_a-__call_atexit.o)
                0x20000000                __atexit_recursive_mutex
 .data.uxCriticalNesting
                0x20000004        0x4 CMakeFiles/nucleo-F446RE.out.dir/library/Middlewares/Third_Party/FreeRTOS/Source/portable/GCC/ARM_CM4F/port.c.obj
 .data.uwTickPrio
                0x20000008        0x4 CMakeFiles/nucleo-F446RE.out.dir/library/Drivers/STM32F4xx_HAL_Driver/Src/stm32f4xx_hal.c.obj
                0x20000008                uwTickPrio
 .data.uwTickFreq
                0x2000000c        0x1 CMakeFiles/nucleo-F446RE.out.dir/library/Drivers/STM32F4xx_HAL_Driver/Src/stm32f4xx_hal.c.obj
                0x2000000c                uwTickFreq
 *fill*         0x2000000d        0x3 
 .data.SystemCoreClock
                0x20000010        0x4 CMakeFiles/nucleo-F446RE.out.dir/library/Src/system_stm32f4xx.c.obj
                0x20000010                SystemCoreClock
                0x20000014                        . = ALIGN (0x4)
                0x20000014                        _edata = .

.tm_clone_table
                0x20000014        0x0 load address 0x0800574c
 .tm_clone_table
                0x20000014        0x0 c:/progra~2/armgnu~1/12977f~1.2mp/bin/../lib/gcc/arm-none-eabi/12.2.1/thumb/v7e-m+fp/hard/crtbegin.o
 .tm_clone_table
                0x20000014        0x0 c:/progra~2/armgnu~1/12977f~1.2mp/bin/../lib/gcc/arm-none-eabi/12.2.1/thumb/v7e-m+fp/hard/crtend.o

.igot.plt       0x20000014        0x0 load address 0x0800574c
 .igot.plt      0x20000014        0x0 c:/progra~2/armgnu~1/12977f~1.2mp/bin/../lib/gcc/arm-none-eabi/12.2.1/thumb/v7e-m+fp/hard/crtbegin.o
                0x20000014                        . = ALIGN (0x4)

.bss            0x20000014     0x4b98 load address 0x0800574c
                0x20000014                        _sbss = .
                0x20000014                        __bss_start__ = _sbss
 *(.bss)
 *(.bss*)
 .bss.completed.1
                0x20000014        0x1 c:/progra~2/armgnu~1/12977f~1.2mp/bin/../lib/gcc/arm-none-eabi/12.2.1/thumb/v7e-m+fp/hard/crtbegin.o
 *fill*         0x20000015        0x3 
 .bss.object.0  0x20000018       0x18 c:/progra~2/armgnu~1/12977f~1.2mp/bin/../lib/gcc/arm-none-eabi/12.2.1/thumb/v7e-m+fp/hard/crtbegin.o
 .bss.__lock___atexit_recursive_mutex
                0x20000030        0x1 c:/progra~2/armgnu~1/12977f~1.2mp/bin/../lib/gcc/arm-none-eabi/12.2.1/thumb/v7e-m+fp/hard\libc.a(libc_a-lock.o)
                0x20000030                __lock___atexit_recursive_mutex
 *fill*         0x20000031        0x3 
 .bss.__atexit  0x20000034        0x4 c:/progra~2/armgnu~1/12977f~1.2mp/bin/../lib/gcc/arm-none-eabi/12.2.1/thumb/v7e-m+fp/hard\libc.a(libc_a-__call_atexit.o)
                0x20000034                __atexit
 .bss.__atexit0
                0x20000038      0x190 c:/progra~2/armgnu~1/12977f~1.2mp/bin/../lib/gcc/arm-none-eabi/12.2.1/thumb/v7e-m+fp/hard\libc.a(libc_a-__atexit.o)
                0x20000038                __atexit0
 .bss.xQueueRegistry
                0x200001c8       0x40 CMakeFiles/nucleo-F446RE.out.dir/library/Middlewares/Third_Party/FreeRTOS/Source/queue.c.obj
                0x200001c8                xQueueRegistry
 .bss.pxCurrentTCB
                0x20000208        0x4 CMakeFiles/nucleo-F446RE.out.dir/library/Middlewares/Third_Party/FreeRTOS/Source/tasks.c.obj
                0x20000208                pxCurrentTCB
 .bss.pxReadyTasksLists
                0x2000020c      0x460 CMakeFiles/nucleo-F446RE.out.dir/library/Middlewares/Third_Party/FreeRTOS/Source/tasks.c.obj
 .bss.xDelayedTaskList1
                0x2000066c       0x14 CMakeFiles/nucleo-F446RE.out.dir/library/Middlewares/Third_Party/FreeRTOS/Source/tasks.c.obj
 .bss.xDelayedTaskList2
                0x20000680       0x14 CMakeFiles/nucleo-F446RE.out.dir/library/Middlewares/Third_Party/FreeRTOS/Source/tasks.c.obj
 .bss.pxDelayedTaskList
                0x20000694        0x4 CMakeFiles/nucleo-F446RE.out.dir/library/Middlewares/Third_Party/FreeRTOS/Source/tasks.c.obj
 .bss.pxOverflowDelayedTaskList
                0x20000698        0x4 CMakeFiles/nucleo-F446RE.out.dir/library/Middlewares/Third_Party/FreeRTOS/Source/tasks.c.obj
 .bss.xPendingReadyList
                0x2000069c       0x14 CMakeFiles/nucleo-F446RE.out.dir/library/Middlewares/Third_Party/FreeRTOS/Source/tasks.c.obj
 .bss.xTasksWaitingTermination
                0x200006b0       0x14 CMakeFiles/nucleo-F446RE.out.dir/library/Middlewares/Third_Party/FreeRTOS/Source/tasks.c.obj
 .bss.uxDeletedTasksWaitingCleanUp
                0x200006c4        0x4 CMakeFiles/nucleo-F446RE.out.dir/library/Middlewares/Third_Party/FreeRTOS/Source/tasks.c.obj
 .bss.xSuspendedTaskList
                0x200006c8       0x14 CMakeFiles/nucleo-F446RE.out.dir/library/Middlewares/Third_Party/FreeRTOS/Source/tasks.c.obj
 .bss.uxCurrentNumberOfTasks
                0x200006dc        0x4 CMakeFiles/nucleo-F446RE.out.dir/library/Middlewares/Third_Party/FreeRTOS/Source/tasks.c.obj
 .bss.xTickCount
                0x200006e0        0x4 CMakeFiles/nucleo-F446RE.out.dir/library/Middlewares/Third_Party/FreeRTOS/Source/tasks.c.obj
 .bss.uxTopReadyPriority
                0x200006e4        0x4 CMakeFiles/nucleo-F446RE.out.dir/library/Middlewares/Third_Party/FreeRTOS/Source/tasks.c.obj
 .bss.xSchedulerRunning
                0x200006e8        0x4 CMakeFiles/nucleo-F446RE.out.dir/library/Middlewares/Third_Party/FreeRTOS/Source/tasks.c.obj
 .bss.xPendedTicks
                0x200006ec        0x4 CMakeFiles/nucleo-F446RE.out.dir/library/Middlewares/Third_Party/FreeRTOS/Source/tasks.c.obj
 .bss.xYieldPending
                0x200006f0        0x4 CMakeFiles/nucleo-F446RE.out.dir/library/Middlewares/Third_Party/FreeRTOS/Source/tasks.c.obj
 .bss.xNumOfOverflows
                0x200006f4        0x4 CMakeFiles/nucleo-F446RE.out.dir/library/Middlewares/Third_Party/FreeRTOS/Source/tasks.c.obj
 .bss.uxTaskNumber
                0x200006f8        0x4 CMakeFiles/nucleo-F446RE.out.dir/library/Middlewares/Third_Party/FreeRTOS/Source/tasks.c.obj
 .bss.xNextTaskUnblockTime
                0x200006fc        0x4 CMakeFiles/nucleo-F446RE.out.dir/library/Middlewares/Third_Party/FreeRTOS/Source/tasks.c.obj
 .bss.xIdleTaskHandle
                0x20000700        0x4 CMakeFiles/nucleo-F446RE.out.dir/library/Middlewares/Third_Party/FreeRTOS/Source/tasks.c.obj
 .bss.uxSchedulerSuspended
                0x20000704        0x4 CMakeFiles/nucleo-F446RE.out.dir/library/Middlewares/Third_Party/FreeRTOS/Source/tasks.c.obj
 .bss.xActiveTimerList1
                0x20000708       0x14 CMakeFiles/nucleo-F446RE.out.dir/library/Middlewares/Third_Party/FreeRTOS/Source/timers.c.obj
 .bss.xActiveTimerList2
                0x2000071c       0x14 CMakeFiles/nucleo-F446RE.out.dir/library/Middlewares/Third_Party/FreeRTOS/Source/timers.c.obj
 .bss.pxCurrentTimerList
                0x20000730        0x4 CMakeFiles/nucleo-F446RE.out.dir/library/Middlewares/Third_Party/FreeRTOS/Source/timers.c.obj
 .bss.pxOverflowTimerList
                0x20000734        0x4 CMakeFiles/nucleo-F446RE.out.dir/library/Middlewares/Third_Party/FreeRTOS/Source/timers.c.obj
 .bss.xTimerQueue
                0x20000738        0x4 CMakeFiles/nucleo-F446RE.out.dir/library/Middlewares/Third_Party/FreeRTOS/Source/timers.c.obj
 .bss.xTimerTaskHandle
                0x2000073c        0x4 CMakeFiles/nucleo-F446RE.out.dir/library/Middlewares/Third_Party/FreeRTOS/Source/timers.c.obj
 .bss.xLastTime.2
                0x20000740        0x4 CMakeFiles/nucleo-F446RE.out.dir/library/Middlewares/Third_Party/FreeRTOS/Source/timers.c.obj
 .bss.ucStaticTimerQueueStorage.1
                0x20000744       0xa0 CMakeFiles/nucleo-F446RE.out.dir/library/Middlewares/Third_Party/FreeRTOS/Source/timers.c.obj
 .bss.xStaticTimerQueue.0
                0x200007e4       0x50 CMakeFiles/nucleo-F446RE.out.dir/library/Middlewares/Third_Party/FreeRTOS/Source/timers.c.obj
 .bss.ucMaxSysCallPriority
                0x20000834        0x1 CMakeFiles/nucleo-F446RE.out.dir/library/Middlewares/Third_Party/FreeRTOS/Source/portable/GCC/ARM_CM4F/port.c.obj
 *fill*         0x20000835        0x3 
 .bss.ulMaxPRIGROUPValue
                0x20000838        0x4 CMakeFiles/nucleo-F446RE.out.dir/library/Middlewares/Third_Party/FreeRTOS/Source/portable/GCC/ARM_CM4F/port.c.obj
 .bss.ucHeap    0x2000083c     0x3c00 CMakeFiles/nucleo-F446RE.out.dir/library/Middlewares/Third_Party/FreeRTOS/Source/portable/MemMang/heap_4.c.obj
 .bss.xStart    0x2000443c        0x8 CMakeFiles/nucleo-F446RE.out.dir/library/Middlewares/Third_Party/FreeRTOS/Source/portable/MemMang/heap_4.c.obj
 .bss.pxEnd     0x20004444        0x4 CMakeFiles/nucleo-F446RE.out.dir/library/Middlewares/Third_Party/FreeRTOS/Source/portable/MemMang/heap_4.c.obj
 .bss.xFreeBytesRemaining
                0x20004448        0x4 CMakeFiles/nucleo-F446RE.out.dir/library/Middlewares/Third_Party/FreeRTOS/Source/portable/MemMang/heap_4.c.obj
 .bss.xMinimumEverFreeBytesRemaining
                0x2000444c        0x4 CMakeFiles/nucleo-F446RE.out.dir/library/Middlewares/Third_Party/FreeRTOS/Source/portable/MemMang/heap_4.c.obj
 .bss.xNumberOfSuccessfulAllocations
                0x20004450        0x4 CMakeFiles/nucleo-F446RE.out.dir/library/Middlewares/Third_Party/FreeRTOS/Source/portable/MemMang/heap_4.c.obj
 .bss.xNumberOfSuccessfulFrees
                0x20004454        0x4 CMakeFiles/nucleo-F446RE.out.dir/library/Middlewares/Third_Party/FreeRTOS/Source/portable/MemMang/heap_4.c.obj
 .bss.xBlockAllocatedBit
                0x20004458        0x4 CMakeFiles/nucleo-F446RE.out.dir/library/Middlewares/Third_Party/FreeRTOS/Source/portable/MemMang/heap_4.c.obj
 .bss.KernelState
                0x2000445c        0x4 CMakeFiles/nucleo-F446RE.out.dir/library/Middlewares/Third_Party/FreeRTOS/Source/CMSIS_RTOS_V2/cmsis_os2.c.obj
 .bss.Idle_TCB.3
                0x20004460       0x5c CMakeFiles/nucleo-F446RE.out.dir/library/Middlewares/Third_Party/FreeRTOS/Source/CMSIS_RTOS_V2/cmsis_os2.c.obj
 .bss.Idle_Stack.2
                0x200044bc      0x200 CMakeFiles/nucleo-F446RE.out.dir/library/Middlewares/Third_Party/FreeRTOS/Source/CMSIS_RTOS_V2/cmsis_os2.c.obj
 .bss.Timer_TCB.1
                0x200046bc       0x5c CMakeFiles/nucleo-F446RE.out.dir/library/Middlewares/Third_Party/FreeRTOS/Source/CMSIS_RTOS_V2/cmsis_os2.c.obj
 .bss.Timer_Stack.0
                0x20004718      0x400 CMakeFiles/nucleo-F446RE.out.dir/library/Middlewares/Third_Party/FreeRTOS/Source/CMSIS_RTOS_V2/cmsis_os2.c.obj
 .bss.uwTick    0x20004b18        0x4 CMakeFiles/nucleo-F446RE.out.dir/library/Drivers/STM32F4xx_HAL_Driver/Src/stm32f4xx_hal.c.obj
                0x20004b18                uwTick
 .bss.huart2    0x20004b1c       0x44 CMakeFiles/nucleo-F446RE.out.dir/library/Src/usart.c.obj
                0x20004b1c                huart2
 .bss.Task_1Handle
                0x20004b60        0x4 CMakeFiles/nucleo-F446RE.out.dir/library/Src/freertos.c.obj
                0x20004b60                Task_1Handle
 .bss.htim6     0x20004b64       0x48 CMakeFiles/nucleo-F446RE.out.dir/library/Src/stm32f4xx_hal_timebase_tim.c.obj
                0x20004b64                htim6
 *(COMMON)
                0x20004bac                        . = ALIGN (0x4)
                0x20004bac                        _ebss = .
                0x20004bac                        __bss_end__ = _ebss

._user_heap_stack
                0x20004bac      0x604 load address 0x0800574c
                0x20004bb0                        . = ALIGN (0x8)
 *fill*         0x20004bac        0x4 
                0x20004bb0                        PROVIDE (end = .)
                [!provide]                        PROVIDE (_end = .)
                0x20004db0                        . = (. + _Min_Heap_Size)
 *fill*         0x20004bb0      0x200 
                0x200051b0                        . = (. + _Min_Stack_Size)
 *fill*         0x20004db0      0x400 
                0x200051b0                        . = ALIGN (0x8)

/DISCARD/
 libc.a(*)
 libm.a(*)
 libgcc.a(*)

.ARM.attributes
                0x00000000       0x30
 *(.ARM.attributes)
 .ARM.attributes
                0x00000000       0x22 c:/progra~2/armgnu~1/12977f~1.2mp/bin/../lib/gcc/arm-none-eabi/12.2.1/thumb/v7e-m+fp/hard/crti.o
 .ARM.attributes
                0x00000022       0x34 c:/progra~2/armgnu~1/12977f~1.2mp/bin/../lib/gcc/arm-none-eabi/12.2.1/thumb/v7e-m+fp/hard/crtbegin.o
 .ARM.attributes
                0x00000056       0x34 c:/progra~2/armgnu~1/12977f~1.2mp/bin/../lib/gcc/arm-none-eabi/12.2.1/thumb/v7e-m+fp/hard\libc.a(libc_a-memset.o)
 .ARM.attributes
                0x0000008a       0x34 c:/progra~2/armgnu~1/12977f~1.2mp/bin/../lib/gcc/arm-none-eabi/12.2.1/thumb/v7e-m+fp/hard\libc.a(libc_a-init.o)
 .ARM.attributes
                0x000000be       0x34 c:/progra~2/armgnu~1/12977f~1.2mp/bin/../lib/gcc/arm-none-eabi/12.2.1/thumb/v7e-m+fp/hard\libc.a(libc_a-lock.o)
 .ARM.attributes
                0x000000f2       0x34 c:/progra~2/armgnu~1/12977f~1.2mp/bin/../lib/gcc/arm-none-eabi/12.2.1/thumb/v7e-m+fp/hard\libc.a(libc_a-__call_atexit.o)
 .ARM.attributes
                0x00000126       0x34 c:/progra~2/armgnu~1/12977f~1.2mp/bin/../lib/gcc/arm-none-eabi/12.2.1/thumb/v7e-m+fp/hard\libc.a(libc_a-atexit.o)
 .ARM.attributes
                0x0000015a       0x34 c:/progra~2/armgnu~1/12977f~1.2mp/bin/../lib/gcc/arm-none-eabi/12.2.1/thumb/v7e-m+fp/hard\libc.a(libc_a-fini.o)
 .ARM.attributes
                0x0000018e       0x34 c:/progra~2/armgnu~1/12977f~1.2mp/bin/../lib/gcc/arm-none-eabi/12.2.1/thumb/v7e-m+fp/hard\libc.a(libc_a-__atexit.o)
 .ARM.attributes
                0x000001c2       0x34 CMakeFiles/nucleo-F446RE.out.dir/library/Middlewares/Third_Party/FreeRTOS/Source/list.c.obj
 .ARM.attributes
                0x000001f6       0x34 CMakeFiles/nucleo-F446RE.out.dir/library/Middlewares/Third_Party/FreeRTOS/Source/queue.c.obj
 .ARM.attributes
                0x0000022a       0x34 CMakeFiles/nucleo-F446RE.out.dir/library/Middlewares/Third_Party/FreeRTOS/Source/tasks.c.obj
 .ARM.attributes
                0x0000025e       0x34 CMakeFiles/nucleo-F446RE.out.dir/library/Middlewares/Third_Party/FreeRTOS/Source/timers.c.obj
 .ARM.attributes
                0x00000292       0x34 CMakeFiles/nucleo-F446RE.out.dir/library/Middlewares/Third_Party/FreeRTOS/Source/portable/GCC/ARM_CM4F/port.c.obj
 .ARM.attributes
                0x000002c6       0x34 CMakeFiles/nucleo-F446RE.out.dir/library/Middlewares/Third_Party/FreeRTOS/Source/portable/MemMang/heap_4.c.obj
 .ARM.attributes
                0x000002fa       0x34 CMakeFiles/nucleo-F446RE.out.dir/library/Middlewares/Third_Party/FreeRTOS/Source/CMSIS_RTOS_V2/cmsis_os2.c.obj
 .ARM.attributes
                0x0000032e       0x34 CMakeFiles/nucleo-F446RE.out.dir/library/Drivers/STM32F4xx_HAL_Driver/Src/stm32f4xx_hal_tim.c.obj
 .ARM.attributes
                0x00000362       0x34 CMakeFiles/nucleo-F446RE.out.dir/library/Drivers/STM32F4xx_HAL_Driver/Src/stm32f4xx_hal_tim_ex.c.obj
 .ARM.attributes
                0x00000396       0x34 CMakeFiles/nucleo-F446RE.out.dir/library/Drivers/STM32F4xx_HAL_Driver/Src/stm32f4xx_hal_uart.c.obj
 .ARM.attributes
                0x000003ca       0x34 CMakeFiles/nucleo-F446RE.out.dir/library/Drivers/STM32F4xx_HAL_Driver/Src/stm32f4xx_hal_rcc.c.obj
 .ARM.attributes
                0x000003fe       0x34 CMakeFiles/nucleo-F446RE.out.dir/library/Drivers/STM32F4xx_HAL_Driver/Src/stm32f4xx_hal_rcc_ex.c.obj
 .ARM.attributes
                0x00000432       0x34 CMakeFiles/nucleo-F446RE.out.dir/library/Drivers/STM32F4xx_HAL_Driver/Src/stm32f4xx_hal_gpio.c.obj
 .ARM.attributes
                0x00000466       0x34 CMakeFiles/nucleo-F446RE.out.dir/library/Drivers/STM32F4xx_HAL_Driver/Src/stm32f4xx_hal_pwr_ex.c.obj
 .ARM.attributes
                0x0000049a       0x34 CMakeFiles/nucleo-F446RE.out.dir/library/Drivers/STM32F4xx_HAL_Driver/Src/stm32f4xx_hal_cortex.c.obj
 .ARM.attributes
                0x000004ce       0x34 CMakeFiles/nucleo-F446RE.out.dir/library/Drivers/STM32F4xx_HAL_Driver/Src/stm32f4xx_hal.c.obj
 .ARM.attributes
                0x00000502       0x34 CMakeFiles/nucleo-F446RE.out.dir/library/Src/main.c.obj
 .ARM.attributes
                0x00000536       0x34 CMakeFiles/nucleo-F446RE.out.dir/library/Src/gpio.c.obj
 .ARM.attributes
                0x0000056a       0x34 CMakeFiles/nucleo-F446RE.out.dir/library/Src/usart.c.obj
 .ARM.attributes
                0x0000059e       0x34 CMakeFiles/nucleo-F446RE.out.dir/library/Src/stm32f4xx_hal_msp.c.obj
 .ARM.attributes
                0x000005d2       0x34 CMakeFiles/nucleo-F446RE.out.dir/library/Src/stm32f4xx_it.c.obj
 .ARM.attributes
                0x00000606       0x34 CMakeFiles/nucleo-F446RE.out.dir/library/Src/system_stm32f4xx.c.obj
 .ARM.attributes
                0x0000063a       0x34 CMakeFiles/nucleo-F446RE.out.dir/library/Src/freertos.c.obj
 .ARM.attributes
                0x0000066e       0x34 CMakeFiles/nucleo-F446RE.out.dir/library/Src/stm32f4xx_hal_timebase_tim.c.obj
 .ARM.attributes
                0x000006a2       0x21 CMakeFiles/nucleo-F446RE.out.dir/library/startup_stm32f446xx.s.obj
 .ARM.attributes
                0x000006c3       0x22 c:/progra~2/armgnu~1/12977f~1.2mp/bin/../lib/gcc/arm-none-eabi/12.2.1/thumb/v7e-m+fp/hard\libgcc.a(_aeabi_uldivmod.o)
 .ARM.attributes
                0x000006e5       0x34 c:/progra~2/armgnu~1/12977f~1.2mp/bin/../lib/gcc/arm-none-eabi/12.2.1/thumb/v7e-m+fp/hard\libgcc.a(_udivmoddi4.o)
 .ARM.attributes
                0x00000719       0x22 c:/progra~2/armgnu~1/12977f~1.2mp/bin/../lib/gcc/arm-none-eabi/12.2.1/thumb/v7e-m+fp/hard\libgcc.a(_dvmd_tls.o)
 .ARM.attributes
                0x0000073b       0x20 c:/progra~2/armgnu~1/12977f~1.2mp/bin/../lib/gcc/arm-none-eabi/12.2.1/thumb/v7e-m+fp/hard\libg.a(libc_a-memcpy.o)
 .ARM.attributes
                0x0000075b       0x34 c:/progra~2/armgnu~1/12977f~1.2mp/bin/../lib/gcc/arm-none-eabi/12.2.1/thumb/v7e-m+fp/hard/crtend.o
 .ARM.attributes
                0x0000078f       0x22 c:/progra~2/armgnu~1/12977f~1.2mp/bin/../lib/gcc/arm-none-eabi/12.2.1/thumb/v7e-m+fp/hard/crtn.o
OUTPUT(nucleo-F446RE.out elf32-littlearm)
LOAD linker stubs
LOAD c:/progra~2/armgnu~1/12977f~1.2mp/bin/../lib/gcc/arm-none-eabi/12.2.1/thumb/v7e-m+fp/hard\libc.a
LOAD c:/progra~2/armgnu~1/12977f~1.2mp/bin/../lib/gcc/arm-none-eabi/12.2.1/thumb/v7e-m+fp/hard\libm.a
LOAD c:/progra~2/armgnu~1/12977f~1.2mp/bin/../lib/gcc/arm-none-eabi/12.2.1/thumb/v7e-m+fp/hard\libgcc.a

.debug_frame    0x00000000     0x57a4
 .debug_frame   0x00000000       0x2c c:/progra~2/armgnu~1/12977f~1.2mp/bin/../lib/gcc/arm-none-eabi/12.2.1/thumb/v7e-m+fp/hard\libc.a(libc_a-memset.o)
 .debug_frame   0x0000002c       0x2c c:/progra~2/armgnu~1/12977f~1.2mp/bin/../lib/gcc/arm-none-eabi/12.2.1/thumb/v7e-m+fp/hard\libc.a(libc_a-init.o)
 .debug_frame   0x00000058       0xb0 c:/progra~2/armgnu~1/12977f~1.2mp/bin/../lib/gcc/arm-none-eabi/12.2.1/thumb/v7e-m+fp/hard\libc.a(libc_a-lock.o)
 .debug_frame   0x00000108       0x5c c:/progra~2/armgnu~1/12977f~1.2mp/bin/../lib/gcc/arm-none-eabi/12.2.1/thumb/v7e-m+fp/hard\libc.a(libc_a-__call_atexit.o)
 .debug_frame   0x00000164       0x20 c:/progra~2/armgnu~1/12977f~1.2mp/bin/../lib/gcc/arm-none-eabi/12.2.1/thumb/v7e-m+fp/hard\libc.a(libc_a-atexit.o)
 .debug_frame   0x00000184       0x34 c:/progra~2/armgnu~1/12977f~1.2mp/bin/../lib/gcc/arm-none-eabi/12.2.1/thumb/v7e-m+fp/hard\libc.a(libc_a-fini.o)
 .debug_frame   0x000001b8       0x34 c:/progra~2/armgnu~1/12977f~1.2mp/bin/../lib/gcc/arm-none-eabi/12.2.1/thumb/v7e-m+fp/hard\libc.a(libc_a-__atexit.o)
 .debug_frame   0x000001ec       0xd8 CMakeFiles/nucleo-F446RE.out.dir/library/Middlewares/Third_Party/FreeRTOS/Source/list.c.obj
 .debug_frame   0x000002c4      0x5ec CMakeFiles/nucleo-F446RE.out.dir/library/Middlewares/Third_Party/FreeRTOS/Source/queue.c.obj
 .debug_frame   0x000008b0      0x8f0 CMakeFiles/nucleo-F446RE.out.dir/library/Middlewares/Third_Party/FreeRTOS/Source/tasks.c.obj
 .debug_frame   0x000011a0      0x400 CMakeFiles/nucleo-F446RE.out.dir/library/Middlewares/Third_Party/FreeRTOS/Source/timers.c.obj
 .debug_frame   0x000015a0      0x1a8 CMakeFiles/nucleo-F446RE.out.dir/library/Middlewares/Third_Party/FreeRTOS/Source/portable/GCC/ARM_CM4F/port.c.obj
 .debug_frame   0x00001748      0x12c CMakeFiles/nucleo-F446RE.out.dir/library/Middlewares/Third_Party/FreeRTOS/Source/portable/MemMang/heap_4.c.obj
 .debug_frame   0x00001874      0xbe4 CMakeFiles/nucleo-F446RE.out.dir/library/Middlewares/Third_Party/FreeRTOS/Source/CMSIS_RTOS_V2/cmsis_os2.c.obj
 .debug_frame   0x00002458     0x11c4 CMakeFiles/nucleo-F446RE.out.dir/library/Drivers/STM32F4xx_HAL_Driver/Src/stm32f4xx_hal_tim.c.obj
 .debug_frame   0x0000361c      0x638 CMakeFiles/nucleo-F446RE.out.dir/library/Drivers/STM32F4xx_HAL_Driver/Src/stm32f4xx_hal_tim_ex.c.obj
 .debug_frame   0x00003c54      0x92c CMakeFiles/nucleo-F446RE.out.dir/library/Drivers/STM32F4xx_HAL_Driver/Src/stm32f4xx_hal_uart.c.obj
 .debug_frame   0x00004580      0x1f4 CMakeFiles/nucleo-F446RE.out.dir/library/Drivers/STM32F4xx_HAL_Driver/Src/stm32f4xx_hal_rcc.c.obj
 .debug_frame   0x00004774      0x1e8 CMakeFiles/nucleo-F446RE.out.dir/library/Drivers/STM32F4xx_HAL_Driver/Src/stm32f4xx_hal_rcc_ex.c.obj
 .debug_frame   0x0000495c      0x14c CMakeFiles/nucleo-F446RE.out.dir/library/Drivers/STM32F4xx_HAL_Driver/Src/stm32f4xx_hal_gpio.c.obj
 .debug_frame   0x00004aa8      0x14c CMakeFiles/nucleo-F446RE.out.dir/library/Drivers/STM32F4xx_HAL_Driver/Src/stm32f4xx_hal_pwr_ex.c.obj
 .debug_frame   0x00004bf4      0x498 CMakeFiles/nucleo-F446RE.out.dir/library/Drivers/STM32F4xx_HAL_Driver/Src/stm32f4xx_hal_cortex.c.obj
 .debug_frame   0x0000508c      0x374 CMakeFiles/nucleo-F446RE.out.dir/library/Drivers/STM32F4xx_HAL_Driver/Src/stm32f4xx_hal.c.obj
 .debug_frame   0x00005400       0x8c CMakeFiles/nucleo-F446RE.out.dir/library/Src/main.c.obj
 .debug_frame   0x0000548c       0x34 CMakeFiles/nucleo-F446RE.out.dir/library/Src/gpio.c.obj
 .debug_frame   0x000054c0       0x74 CMakeFiles/nucleo-F446RE.out.dir/library/Src/usart.c.obj
 .debug_frame   0x00005534       0x34 CMakeFiles/nucleo-F446RE.out.dir/library/Src/stm32f4xx_hal_msp.c.obj
 .debug_frame   0x00005568       0xc4 CMakeFiles/nucleo-F446RE.out.dir/library/Src/stm32f4xx_it.c.obj
 .debug_frame   0x0000562c       0x58 CMakeFiles/nucleo-F446RE.out.dir/library/Src/system_stm32f4xx.c.obj
 .debug_frame   0x00005684       0x4c CMakeFiles/nucleo-F446RE.out.dir/library/Src/freertos.c.obj
 .debug_frame   0x000056d0       0x74 CMakeFiles/nucleo-F446RE.out.dir/library/Src/stm32f4xx_hal_timebase_tim.c.obj
 .debug_frame   0x00005744       0x2c c:/progra~2/armgnu~1/12977f~1.2mp/bin/../lib/gcc/arm-none-eabi/12.2.1/thumb/v7e-m+fp/hard\libgcc.a(_aeabi_uldivmod.o)
 .debug_frame   0x00005770       0x34 c:/progra~2/armgnu~1/12977f~1.2mp/bin/../lib/gcc/arm-none-eabi/12.2.1/thumb/v7e-m+fp/hard\libgcc.a(_udivmoddi4.o)

.debug_info     0x00000000    0x177f9
 .debug_info    0x00000000      0x2ab CMakeFiles/nucleo-F446RE.out.dir/library/Middlewares/Third_Party/FreeRTOS/Source/list.c.obj
 .debug_info    0x000002ab     0x1b75 CMakeFiles/nucleo-F446RE.out.dir/library/Middlewares/Third_Party/FreeRTOS/Source/queue.c.obj
 .debug_info    0x00001e20     0x21e8 CMakeFiles/nucleo-F446RE.out.dir/library/Middlewares/Third_Party/FreeRTOS/Source/tasks.c.obj
 .debug_info    0x00004008     0x1484 CMakeFiles/nucleo-F446RE.out.dir/library/Middlewares/Third_Party/FreeRTOS/Source/timers.c.obj
 .debug_info    0x0000548c      0x4da CMakeFiles/nucleo-F446RE.out.dir/library/Middlewares/Third_Party/FreeRTOS/Source/portable/GCC/ARM_CM4F/port.c.obj
 .debug_info    0x00005966      0x4d1 CMakeFiles/nucleo-F446RE.out.dir/library/Middlewares/Third_Party/FreeRTOS/Source/portable/MemMang/heap_4.c.obj
 .debug_info    0x00005e37     0x3a88 CMakeFiles/nucleo-F446RE.out.dir/library/Middlewares/Third_Party/FreeRTOS/Source/CMSIS_RTOS_V2/cmsis_os2.c.obj
 .debug_info    0x000098bf     0x2944 CMakeFiles/nucleo-F446RE.out.dir/library/Drivers/STM32F4xx_HAL_Driver/Src/stm32f4xx_hal_tim.c.obj
 .debug_info    0x0000c203     0x14aa CMakeFiles/nucleo-F446RE.out.dir/library/Drivers/STM32F4xx_HAL_Driver/Src/stm32f4xx_hal_tim_ex.c.obj
 .debug_info    0x0000d6ad     0x2fb4 CMakeFiles/nucleo-F446RE.out.dir/library/Drivers/STM32F4xx_HAL_Driver/Src/stm32f4xx_hal_uart.c.obj
 .debug_info    0x00010661      0x8e9 CMakeFiles/nucleo-F446RE.out.dir/library/Drivers/STM32F4xx_HAL_Driver/Src/stm32f4xx_hal_rcc.c.obj
 .debug_info    0x00010f4a      0x952 CMakeFiles/nucleo-F446RE.out.dir/library/Drivers/STM32F4xx_HAL_Driver/Src/stm32f4xx_hal_rcc_ex.c.obj
 .debug_info    0x0001189c      0x707 CMakeFiles/nucleo-F446RE.out.dir/library/Drivers/STM32F4xx_HAL_Driver/Src/stm32f4xx_hal_gpio.c.obj
 .debug_info    0x00011fa3      0x6d6 CMakeFiles/nucleo-F446RE.out.dir/library/Drivers/STM32F4xx_HAL_Driver/Src/stm32f4xx_hal_pwr_ex.c.obj
 .debug_info    0x00012679      0xd60 CMakeFiles/nucleo-F446RE.out.dir/library/Drivers/STM32F4xx_HAL_Driver/Src/stm32f4xx_hal_cortex.c.obj
 .debug_info    0x000133d9      0x99a CMakeFiles/nucleo-F446RE.out.dir/library/Drivers/STM32F4xx_HAL_Driver/Src/stm32f4xx_hal.c.obj
 .debug_info    0x00013d73      0xb6d CMakeFiles/nucleo-F446RE.out.dir/library/Src/main.c.obj
 .debug_info    0x000148e0      0x435 CMakeFiles/nucleo-F446RE.out.dir/library/Src/gpio.c.obj
 .debug_info    0x00014d15      0x92b CMakeFiles/nucleo-F446RE.out.dir/library/Src/usart.c.obj
 .debug_info    0x00015640      0x501 CMakeFiles/nucleo-F446RE.out.dir/library/Src/stm32f4xx_hal_msp.c.obj
 .debug_info    0x00015b41      0x6a7 CMakeFiles/nucleo-F446RE.out.dir/library/Src/stm32f4xx_it.c.obj
 .debug_info    0x000161e8      0x546 CMakeFiles/nucleo-F446RE.out.dir/library/Src/system_stm32f4xx.c.obj
 .debug_info    0x0001672e      0x45b CMakeFiles/nucleo-F446RE.out.dir/library/Src/freertos.c.obj
 .debug_info    0x00016b89      0xc40 CMakeFiles/nucleo-F446RE.out.dir/library/Src/stm32f4xx_hal_timebase_tim.c.obj
 .debug_info    0x000177c9       0x30 CMakeFiles/nucleo-F446RE.out.dir/library/startup_stm32f446xx.s.obj

.debug_abbrev   0x00000000     0x377c
 .debug_abbrev  0x00000000       0xf3 CMakeFiles/nucleo-F446RE.out.dir/library/Middlewares/Third_Party/FreeRTOS/Source/list.c.obj
 .debug_abbrev  0x000000f3      0x3b4 CMakeFiles/nucleo-F446RE.out.dir/library/Middlewares/Third_Party/FreeRTOS/Source/queue.c.obj
 .debug_abbrev  0x000004a7      0x384 CMakeFiles/nucleo-F446RE.out.dir/library/Middlewares/Third_Party/FreeRTOS/Source/tasks.c.obj
 .debug_abbrev  0x0000082b      0x350 CMakeFiles/nucleo-F446RE.out.dir/library/Middlewares/Third_Party/FreeRTOS/Source/timers.c.obj
 .debug_abbrev  0x00000b7b      0x25a CMakeFiles/nucleo-F446RE.out.dir/library/Middlewares/Third_Party/FreeRTOS/Source/portable/GCC/ARM_CM4F/port.c.obj
 .debug_abbrev  0x00000dd5      0x21b CMakeFiles/nucleo-F446RE.out.dir/library/Middlewares/Third_Party/FreeRTOS/Source/portable/MemMang/heap_4.c.obj
 .debug_abbrev  0x00000ff0      0x51e CMakeFiles/nucleo-F446RE.out.dir/library/Middlewares/Third_Party/FreeRTOS/Source/CMSIS_RTOS_V2/cmsis_os2.c.obj
 .debug_abbrev  0x0000150e      0x26f CMakeFiles/nucleo-F446RE.out.dir/library/Drivers/STM32F4xx_HAL_Driver/Src/stm32f4xx_hal_tim.c.obj
 .debug_abbrev  0x0000177d      0x27a CMakeFiles/nucleo-F446RE.out.dir/library/Drivers/STM32F4xx_HAL_Driver/Src/stm32f4xx_hal_tim_ex.c.obj
 .debug_abbrev  0x000019f7      0x30c CMakeFiles/nucleo-F446RE.out.dir/library/Drivers/STM32F4xx_HAL_Driver/Src/stm32f4xx_hal_uart.c.obj
 .debug_abbrev  0x00001d03      0x2b4 CMakeFiles/nucleo-F446RE.out.dir/library/Drivers/STM32F4xx_HAL_Driver/Src/stm32f4xx_hal_rcc.c.obj
 .debug_abbrev  0x00001fb7      0x208 CMakeFiles/nucleo-F446RE.out.dir/library/Drivers/STM32F4xx_HAL_Driver/Src/stm32f4xx_hal_rcc_ex.c.obj
 .debug_abbrev  0x000021bf      0x1d2 CMakeFiles/nucleo-F446RE.out.dir/library/Drivers/STM32F4xx_HAL_Driver/Src/stm32f4xx_hal_gpio.c.obj
 .debug_abbrev  0x00002391      0x1cd CMakeFiles/nucleo-F446RE.out.dir/library/Drivers/STM32F4xx_HAL_Driver/Src/stm32f4xx_hal_pwr_ex.c.obj
 .debug_abbrev  0x0000255e      0x325 CMakeFiles/nucleo-F446RE.out.dir/library/Drivers/STM32F4xx_HAL_Driver/Src/stm32f4xx_hal_cortex.c.obj
 .debug_abbrev  0x00002883      0x211 CMakeFiles/nucleo-F446RE.out.dir/library/Drivers/STM32F4xx_HAL_Driver/Src/stm32f4xx_hal.c.obj
 .debug_abbrev  0x00002a94      0x245 CMakeFiles/nucleo-F446RE.out.dir/library/Src/main.c.obj
 .debug_abbrev  0x00002cd9      0x150 CMakeFiles/nucleo-F446RE.out.dir/library/Src/gpio.c.obj
 .debug_abbrev  0x00002e29      0x1f7 CMakeFiles/nucleo-F446RE.out.dir/library/Src/usart.c.obj
 .debug_abbrev  0x00003020      0x117 CMakeFiles/nucleo-F446RE.out.dir/library/Src/stm32f4xx_hal_msp.c.obj
 .debug_abbrev  0x00003137      0x17b CMakeFiles/nucleo-F446RE.out.dir/library/Src/stm32f4xx_it.c.obj
 .debug_abbrev  0x000032b2      0x118 CMakeFiles/nucleo-F446RE.out.dir/library/Src/system_stm32f4xx.c.obj
 .debug_abbrev  0x000033ca      0x19c CMakeFiles/nucleo-F446RE.out.dir/library/Src/freertos.c.obj
 .debug_abbrev  0x00003566      0x1f2 CMakeFiles/nucleo-F446RE.out.dir/library/Src/stm32f4xx_hal_timebase_tim.c.obj
 .debug_abbrev  0x00003758       0x24 CMakeFiles/nucleo-F446RE.out.dir/library/startup_stm32f446xx.s.obj

.debug_aranges  0x00000000     0x14b0
 .debug_aranges
                0x00000000       0x40 CMakeFiles/nucleo-F446RE.out.dir/library/Middlewares/Third_Party/FreeRTOS/Source/list.c.obj
 .debug_aranges
                0x00000040      0x158 CMakeFiles/nucleo-F446RE.out.dir/library/Middlewares/Third_Party/FreeRTOS/Source/queue.c.obj
 .debug_aranges
                0x00000198      0x208 CMakeFiles/nucleo-F446RE.out.dir/library/Middlewares/Third_Party/FreeRTOS/Source/tasks.c.obj
 .debug_aranges
                0x000003a0       0xf0 CMakeFiles/nucleo-F446RE.out.dir/library/Middlewares/Third_Party/FreeRTOS/Source/timers.c.obj
 .debug_aranges
                0x00000490       0x80 CMakeFiles/nucleo-F446RE.out.dir/library/Middlewares/Third_Party/FreeRTOS/Source/portable/GCC/ARM_CM4F/port.c.obj
 .debug_aranges
                0x00000510       0x58 CMakeFiles/nucleo-F446RE.out.dir/library/Middlewares/Third_Party/FreeRTOS/Source/portable/MemMang/heap_4.c.obj
 .debug_aranges
                0x00000568      0x2b0 CMakeFiles/nucleo-F446RE.out.dir/library/Middlewares/Third_Party/FreeRTOS/Source/CMSIS_RTOS_V2/cmsis_os2.c.obj
 .debug_aranges
                0x00000818      0x3d0 CMakeFiles/nucleo-F446RE.out.dir/library/Drivers/STM32F4xx_HAL_Driver/Src/stm32f4xx_hal_tim.c.obj
 .debug_aranges
                0x00000be8      0x168 CMakeFiles/nucleo-F446RE.out.dir/library/Drivers/STM32F4xx_HAL_Driver/Src/stm32f4xx_hal_tim_ex.c.obj
 .debug_aranges
                0x00000d50      0x200 CMakeFiles/nucleo-F446RE.out.dir/library/Drivers/STM32F4xx_HAL_Driver/Src/stm32f4xx_hal_uart.c.obj
 .debug_aranges
                0x00000f50       0x88 CMakeFiles/nucleo-F446RE.out.dir/library/Drivers/STM32F4xx_HAL_Driver/Src/stm32f4xx_hal_rcc.c.obj
 .debug_aranges
                0x00000fd8       0x78 CMakeFiles/nucleo-F446RE.out.dir/library/Drivers/STM32F4xx_HAL_Driver/Src/stm32f4xx_hal_rcc_ex.c.obj
 .debug_aranges
                0x00001050       0x58 CMakeFiles/nucleo-F446RE.out.dir/library/Drivers/STM32F4xx_HAL_Driver/Src/stm32f4xx_hal_gpio.c.obj
 .debug_aranges
                0x000010a8       0x60 CMakeFiles/nucleo-F446RE.out.dir/library/Drivers/STM32F4xx_HAL_Driver/Src/stm32f4xx_hal_pwr_ex.c.obj
 .debug_aranges
                0x00001108      0x118 CMakeFiles/nucleo-F446RE.out.dir/library/Drivers/STM32F4xx_HAL_Driver/Src/stm32f4xx_hal_cortex.c.obj
 .debug_aranges
                0x00001220       0xf0 CMakeFiles/nucleo-F446RE.out.dir/library/Drivers/STM32F4xx_HAL_Driver/Src/stm32f4xx_hal.c.obj
 .debug_aranges
                0x00001310       0x38 CMakeFiles/nucleo-F446RE.out.dir/library/Src/main.c.obj
 .debug_aranges
                0x00001348       0x20 CMakeFiles/nucleo-F446RE.out.dir/library/Src/gpio.c.obj
 .debug_aranges
                0x00001368       0x30 CMakeFiles/nucleo-F446RE.out.dir/library/Src/usart.c.obj
 .debug_aranges
                0x00001398       0x20 CMakeFiles/nucleo-F446RE.out.dir/library/Src/stm32f4xx_hal_msp.c.obj
 .debug_aranges
                0x000013b8       0x50 CMakeFiles/nucleo-F446RE.out.dir/library/Src/stm32f4xx_it.c.obj
 .debug_aranges
                0x00001408       0x28 CMakeFiles/nucleo-F446RE.out.dir/library/Src/system_stm32f4xx.c.obj
 .debug_aranges
                0x00001430       0x28 CMakeFiles/nucleo-F446RE.out.dir/library/Src/freertos.c.obj
 .debug_aranges
                0x00001458       0x30 CMakeFiles/nucleo-F446RE.out.dir/library/Src/stm32f4xx_hal_timebase_tim.c.obj
 .debug_aranges
                0x00001488       0x28 CMakeFiles/nucleo-F446RE.out.dir/library/startup_stm32f446xx.s.obj

.debug_rnglists
                0x00000000     0x100a
 .debug_rnglists
                0x00000000       0x2b CMakeFiles/nucleo-F446RE.out.dir/library/Middlewares/Third_Party/FreeRTOS/Source/list.c.obj
 .debug_rnglists
                0x0000002b      0x109 CMakeFiles/nucleo-F446RE.out.dir/library/Middlewares/Third_Party/FreeRTOS/Source/queue.c.obj
 .debug_rnglists
                0x00000134      0x1a0 CMakeFiles/nucleo-F446RE.out.dir/library/Middlewares/Third_Party/FreeRTOS/Source/tasks.c.obj
 .debug_rnglists
                0x000002d4       0xb8 CMakeFiles/nucleo-F446RE.out.dir/library/Middlewares/Third_Party/FreeRTOS/Source/timers.c.obj
 .debug_rnglists
                0x0000038c       0x5d CMakeFiles/nucleo-F446RE.out.dir/library/Middlewares/Third_Party/FreeRTOS/Source/portable/GCC/ARM_CM4F/port.c.obj
 .debug_rnglists
                0x000003e9       0x42 CMakeFiles/nucleo-F446RE.out.dir/library/Middlewares/Third_Party/FreeRTOS/Source/portable/MemMang/heap_4.c.obj
 .debug_rnglists
                0x0000042b      0x212 CMakeFiles/nucleo-F446RE.out.dir/library/Middlewares/Third_Party/FreeRTOS/Source/CMSIS_RTOS_V2/cmsis_os2.c.obj
 .debug_rnglists
                0x0000063d      0x31a CMakeFiles/nucleo-F446RE.out.dir/library/Drivers/STM32F4xx_HAL_Driver/Src/stm32f4xx_hal_tim.c.obj
 .debug_rnglists
                0x00000957      0x125 CMakeFiles/nucleo-F446RE.out.dir/library/Drivers/STM32F4xx_HAL_Driver/Src/stm32f4xx_hal_tim_ex.c.obj
 .debug_rnglists
                0x00000a7c      0x1b7 CMakeFiles/nucleo-F446RE.out.dir/library/Drivers/STM32F4xx_HAL_Driver/Src/stm32f4xx_hal_uart.c.obj
 .debug_rnglists
                0x00000c33       0x66 CMakeFiles/nucleo-F446RE.out.dir/library/Drivers/STM32F4xx_HAL_Driver/Src/stm32f4xx_hal_rcc.c.obj
 .debug_rnglists
                0x00000c99       0x5e CMakeFiles/nucleo-F446RE.out.dir/library/Drivers/STM32F4xx_HAL_Driver/Src/stm32f4xx_hal_rcc_ex.c.obj
 .debug_rnglists
                0x00000cf7       0x3f CMakeFiles/nucleo-F446RE.out.dir/library/Drivers/STM32F4xx_HAL_Driver/Src/stm32f4xx_hal_gpio.c.obj
 .debug_rnglists
                0x00000d36       0x47 CMakeFiles/nucleo-F446RE.out.dir/library/Drivers/STM32F4xx_HAL_Driver/Src/stm32f4xx_hal_pwr_ex.c.obj
 .debug_rnglists
                0x00000d7d       0xce CMakeFiles/nucleo-F446RE.out.dir/library/Drivers/STM32F4xx_HAL_Driver/Src/stm32f4xx_hal_cortex.c.obj
 .debug_rnglists
                0x00000e4b       0xaf CMakeFiles/nucleo-F446RE.out.dir/library/Drivers/STM32F4xx_HAL_Driver/Src/stm32f4xx_hal.c.obj
 .debug_rnglists
                0x00000efa       0x26 CMakeFiles/nucleo-F446RE.out.dir/library/Src/main.c.obj
 .debug_rnglists
                0x00000f20       0x14 CMakeFiles/nucleo-F446RE.out.dir/library/Src/gpio.c.obj
 .debug_rnglists
                0x00000f34       0x20 CMakeFiles/nucleo-F446RE.out.dir/library/Src/usart.c.obj
 .debug_rnglists
                0x00000f54       0x13 CMakeFiles/nucleo-F446RE.out.dir/library/Src/stm32f4xx_hal_msp.c.obj
 .debug_rnglists
                0x00000f67       0x37 CMakeFiles/nucleo-F446RE.out.dir/library/Src/stm32f4xx_it.c.obj
 .debug_rnglists
                0x00000f9e       0x1a CMakeFiles/nucleo-F446RE.out.dir/library/Src/system_stm32f4xx.c.obj
 .debug_rnglists
                0x00000fb8       0x19 CMakeFiles/nucleo-F446RE.out.dir/library/Src/freertos.c.obj
 .debug_rnglists
                0x00000fd1       0x20 CMakeFiles/nucleo-F446RE.out.dir/library/Src/stm32f4xx_hal_timebase_tim.c.obj
 .debug_rnglists
                0x00000ff1       0x19 CMakeFiles/nucleo-F446RE.out.dir/library/startup_stm32f446xx.s.obj

.debug_line     0x00000000    0x118c3
 .debug_line    0x00000000      0x31d CMakeFiles/nucleo-F446RE.out.dir/library/Middlewares/Third_Party/FreeRTOS/Source/list.c.obj
 .debug_line    0x0000031d     0x1368 CMakeFiles/nucleo-F446RE.out.dir/library/Middlewares/Third_Party/FreeRTOS/Source/queue.c.obj
 .debug_line    0x00001685     0x1a36 CMakeFiles/nucleo-F446RE.out.dir/library/Middlewares/Third_Party/FreeRTOS/Source/tasks.c.obj
 .debug_line    0x000030bb      0xa22 CMakeFiles/nucleo-F446RE.out.dir/library/Middlewares/Third_Party/FreeRTOS/Source/timers.c.obj
 .debug_line    0x00003add      0x534 CMakeFiles/nucleo-F446RE.out.dir/library/Middlewares/Third_Party/FreeRTOS/Source/portable/GCC/ARM_CM4F/port.c.obj
 .debug_line    0x00004011      0x59f CMakeFiles/nucleo-F446RE.out.dir/library/Middlewares/Third_Party/FreeRTOS/Source/portable/MemMang/heap_4.c.obj
 .debug_line    0x000045b0     0x1dc8 CMakeFiles/nucleo-F446RE.out.dir/library/Middlewares/Third_Party/FreeRTOS/Source/CMSIS_RTOS_V2/cmsis_os2.c.obj
 .debug_line    0x00006378     0x324b CMakeFiles/nucleo-F446RE.out.dir/library/Drivers/STM32F4xx_HAL_Driver/Src/stm32f4xx_hal_tim.c.obj
 .debug_line    0x000095c3     0x153e CMakeFiles/nucleo-F446RE.out.dir/library/Drivers/STM32F4xx_HAL_Driver/Src/stm32f4xx_hal_tim_ex.c.obj
 .debug_line    0x0000ab01     0x2665 CMakeFiles/nucleo-F446RE.out.dir/library/Drivers/STM32F4xx_HAL_Driver/Src/stm32f4xx_hal_uart.c.obj
 .debug_line    0x0000d166      0x8f0 CMakeFiles/nucleo-F446RE.out.dir/library/Drivers/STM32F4xx_HAL_Driver/Src/stm32f4xx_hal_rcc.c.obj
 .debug_line    0x0000da56      0xf74 CMakeFiles/nucleo-F446RE.out.dir/library/Drivers/STM32F4xx_HAL_Driver/Src/stm32f4xx_hal_rcc_ex.c.obj
 .debug_line    0x0000e9ca      0x68f CMakeFiles/nucleo-F446RE.out.dir/library/Drivers/STM32F4xx_HAL_Driver/Src/stm32f4xx_hal_gpio.c.obj
 .debug_line    0x0000f059      0x490 CMakeFiles/nucleo-F446RE.out.dir/library/Drivers/STM32F4xx_HAL_Driver/Src/stm32f4xx_hal_pwr_ex.c.obj
 .debug_line    0x0000f4e9      0x813 CMakeFiles/nucleo-F446RE.out.dir/library/Drivers/STM32F4xx_HAL_Driver/Src/stm32f4xx_hal_cortex.c.obj
 .debug_line    0x0000fcfc      0x597 CMakeFiles/nucleo-F446RE.out.dir/library/Drivers/STM32F4xx_HAL_Driver/Src/stm32f4xx_hal.c.obj
 .debug_line    0x00010293      0x432 CMakeFiles/nucleo-F446RE.out.dir/library/Src/main.c.obj
 .debug_line    0x000106c5      0x204 CMakeFiles/nucleo-F446RE.out.dir/library/Src/gpio.c.obj
 .debug_line    0x000108c9      0x2e3 CMakeFiles/nucleo-F446RE.out.dir/library/Src/usart.c.obj
 .debug_line    0x00010bac      0x1f7 CMakeFiles/nucleo-F446RE.out.dir/library/Src/stm32f4xx_hal_msp.c.obj
 .debug_line    0x00010da3      0x2ac CMakeFiles/nucleo-F446RE.out.dir/library/Src/stm32f4xx_it.c.obj
 .debug_line    0x0001104f      0x284 CMakeFiles/nucleo-F446RE.out.dir/library/Src/system_stm32f4xx.c.obj
 .debug_line    0x000112d3      0x28b CMakeFiles/nucleo-F446RE.out.dir/library/Src/freertos.c.obj
 .debug_line    0x0001155e      0x2eb CMakeFiles/nucleo-F446RE.out.dir/library/Src/stm32f4xx_hal_timebase_tim.c.obj
 .debug_line    0x00011849       0x7a CMakeFiles/nucleo-F446RE.out.dir/library/startup_stm32f446xx.s.obj

.debug_str      0x00000000     0x7536
 .debug_str     0x00000000      0x2ca CMakeFiles/nucleo-F446RE.out.dir/library/Middlewares/Third_Party/FreeRTOS/Source/list.c.obj
                                0x32d (size before relaxing)
 .debug_str     0x000002ca      0xa53 CMakeFiles/nucleo-F446RE.out.dir/library/Middlewares/Third_Party/FreeRTOS/Source/queue.c.obj
                                0xd32 (size before relaxing)
 .debug_str     0x00000d1d      0xcd8 CMakeFiles/nucleo-F446RE.out.dir/library/Middlewares/Third_Party/FreeRTOS/Source/tasks.c.obj
                               0x1312 (size before relaxing)
 .debug_str     0x000019f5      0x609 CMakeFiles/nucleo-F446RE.out.dir/library/Middlewares/Third_Party/FreeRTOS/Source/timers.c.obj
                                0xc73 (size before relaxing)
 .debug_str     0x00001ffe      0x1d2 CMakeFiles/nucleo-F446RE.out.dir/library/Middlewares/Third_Party/FreeRTOS/Source/portable/GCC/ARM_CM4F/port.c.obj
                                0x4ad (size before relaxing)
 .debug_str     0x000021d0      0x2f0 CMakeFiles/nucleo-F446RE.out.dir/library/Middlewares/Third_Party/FreeRTOS/Source/portable/MemMang/heap_4.c.obj
                                0x546 (size before relaxing)
 .debug_str     0x000024c0     0x1767 CMakeFiles/nucleo-F446RE.out.dir/library/Middlewares/Third_Party/FreeRTOS/Source/CMSIS_RTOS_V2/cmsis_os2.c.obj
                               0x221d (size before relaxing)
 .debug_str     0x00003c27     0x1493 CMakeFiles/nucleo-F446RE.out.dir/library/Drivers/STM32F4xx_HAL_Driver/Src/stm32f4xx_hal_tim.c.obj
                               0x171a (size before relaxing)
 .debug_str     0x000050ba      0x58c CMakeFiles/nucleo-F446RE.out.dir/library/Drivers/STM32F4xx_HAL_Driver/Src/stm32f4xx_hal_tim_ex.c.obj
                                0xf36 (size before relaxing)
 .debug_str     0x00005646      0x893 CMakeFiles/nucleo-F446RE.out.dir/library/Drivers/STM32F4xx_HAL_Driver/Src/stm32f4xx_hal_uart.c.obj
                                0xd73 (size before relaxing)
 .debug_str     0x00005ed9      0x48e CMakeFiles/nucleo-F446RE.out.dir/library/Drivers/STM32F4xx_HAL_Driver/Src/stm32f4xx_hal_rcc.c.obj
                                0x74a (size before relaxing)
 .debug_str     0x00006367      0x375 CMakeFiles/nucleo-F446RE.out.dir/library/Drivers/STM32F4xx_HAL_Driver/Src/stm32f4xx_hal_rcc_ex.c.obj
                                0x831 (size before relaxing)
 .debug_str     0x000066dc      0x194 CMakeFiles/nucleo-F446RE.out.dir/library/Drivers/STM32F4xx_HAL_Driver/Src/stm32f4xx_hal_gpio.c.obj
                                0x530 (size before relaxing)
 .debug_str     0x00006870      0x17e CMakeFiles/nucleo-F446RE.out.dir/library/Drivers/STM32F4xx_HAL_Driver/Src/stm32f4xx_hal_pwr_ex.c.obj
                                0x51b (size before relaxing)
 .debug_str     0x000069ee      0x463 CMakeFiles/nucleo-F446RE.out.dir/library/Drivers/STM32F4xx_HAL_Driver/Src/stm32f4xx_hal_cortex.c.obj
                                0xc98 (size before relaxing)
 .debug_str     0x00006e51      0x2f1 CMakeFiles/nucleo-F446RE.out.dir/library/Drivers/STM32F4xx_HAL_Driver/Src/stm32f4xx_hal.c.obj
                                0xbf5 (size before relaxing)
 .debug_str     0x00007142       0x94 CMakeFiles/nucleo-F446RE.out.dir/library/Src/main.c.obj
                                0xaef (size before relaxing)
 .debug_str     0x000071d6       0x3c CMakeFiles/nucleo-F446RE.out.dir/library/Src/gpio.c.obj
                                0x3c5 (size before relaxing)
 .debug_str     0x00007212       0x4f CMakeFiles/nucleo-F446RE.out.dir/library/Src/usart.c.obj
                                0x859 (size before relaxing)
 .debug_str     0x00007261       0x49 CMakeFiles/nucleo-F446RE.out.dir/library/Src/stm32f4xx_hal_msp.c.obj
                                0x854 (size before relaxing)
 .debug_str     0x000072aa       0xc3 CMakeFiles/nucleo-F446RE.out.dir/library/Src/stm32f4xx_it.c.obj
                                0x780 (size before relaxing)
 .debug_str     0x0000736d       0x73 CMakeFiles/nucleo-F446RE.out.dir/library/Src/system_stm32f4xx.c.obj
                                0x3c0 (size before relaxing)
 .debug_str     0x000073e0       0x6b CMakeFiles/nucleo-F446RE.out.dir/library/Src/freertos.c.obj
                                0x76a (size before relaxing)
 .debug_str     0x0000744b       0x88 CMakeFiles/nucleo-F446RE.out.dir/library/Src/stm32f4xx_hal_timebase_tim.c.obj
                                0xef8 (size before relaxing)
 .debug_str     0x000074d3       0x63 CMakeFiles/nucleo-F446RE.out.dir/library/startup_stm32f446xx.s.obj
                                 0x9e (size before relaxing)

.comment        0x00000000       0x55
 .comment       0x00000000       0x55 CMakeFiles/nucleo-F446RE.out.dir/library/Middlewares/Third_Party/FreeRTOS/Source/list.c.obj
                                 0x56 (size before relaxing)
 .comment       0x00000055       0x56 CMakeFiles/nucleo-F446RE.out.dir/library/Middlewares/Third_Party/FreeRTOS/Source/queue.c.obj
 .comment       0x00000055       0x56 CMakeFiles/nucleo-F446RE.out.dir/library/Middlewares/Third_Party/FreeRTOS/Source/tasks.c.obj
 .comment       0x00000055       0x56 CMakeFiles/nucleo-F446RE.out.dir/library/Middlewares/Third_Party/FreeRTOS/Source/timers.c.obj
 .comment       0x00000055       0x56 CMakeFiles/nucleo-F446RE.out.dir/library/Middlewares/Third_Party/FreeRTOS/Source/portable/GCC/ARM_CM4F/port.c.obj
 .comment       0x00000055       0x56 CMakeFiles/nucleo-F446RE.out.dir/library/Middlewares/Third_Party/FreeRTOS/Source/portable/MemMang/heap_4.c.obj
 .comment       0x00000055       0x56 CMakeFiles/nucleo-F446RE.out.dir/library/Middlewares/Third_Party/FreeRTOS/Source/CMSIS_RTOS_V2/cmsis_os2.c.obj
 .comment       0x00000055       0x56 CMakeFiles/nucleo-F446RE.out.dir/library/Drivers/STM32F4xx_HAL_Driver/Src/stm32f4xx_hal_tim.c.obj
 .comment       0x00000055       0x56 CMakeFiles/nucleo-F446RE.out.dir/library/Drivers/STM32F4xx_HAL_Driver/Src/stm32f4xx_hal_tim_ex.c.obj
 .comment       0x00000055       0x56 CMakeFiles/nucleo-F446RE.out.dir/library/Drivers/STM32F4xx_HAL_Driver/Src/stm32f4xx_hal_uart.c.obj
 .comment       0x00000055       0x56 CMakeFiles/nucleo-F446RE.out.dir/library/Drivers/STM32F4xx_HAL_Driver/Src/stm32f4xx_hal_rcc.c.obj
 .comment       0x00000055       0x56 CMakeFiles/nucleo-F446RE.out.dir/library/Drivers/STM32F4xx_HAL_Driver/Src/stm32f4xx_hal_rcc_ex.c.obj
 .comment       0x00000055       0x56 CMakeFiles/nucleo-F446RE.out.dir/library/Drivers/STM32F4xx_HAL_Driver/Src/stm32f4xx_hal_gpio.c.obj
 .comment       0x00000055       0x56 CMakeFiles/nucleo-F446RE.out.dir/library/Drivers/STM32F4xx_HAL_Driver/Src/stm32f4xx_hal_pwr_ex.c.obj
 .comment       0x00000055       0x56 CMakeFiles/nucleo-F446RE.out.dir/library/Drivers/STM32F4xx_HAL_Driver/Src/stm32f4xx_hal_cortex.c.obj
 .comment       0x00000055       0x56 CMakeFiles/nucleo-F446RE.out.dir/library/Drivers/STM32F4xx_HAL_Driver/Src/stm32f4xx_hal.c.obj
 .comment       0x00000055       0x56 CMakeFiles/nucleo-F446RE.out.dir/library/Src/main.c.obj
 .comment       0x00000055       0x56 CMakeFiles/nucleo-F446RE.out.dir/library/Src/gpio.c.obj
 .comment       0x00000055       0x56 CMakeFiles/nucleo-F446RE.out.dir/library/Src/usart.c.obj
 .comment       0x00000055       0x56 CMakeFiles/nucleo-F446RE.out.dir/library/Src/stm32f4xx_hal_msp.c.obj